Component: ARM Compiler 5.06 update 6 (build 750) Tool: armlink [4d35ed]

==============================================================================

Section Cross References

    startup_stm32h743xx.o(RESET) refers to startup_stm32h743xx.o(STACK) for __initial_sp
    startup_stm32h743xx.o(RESET) refers to startup_stm32h743xx.o(.text) for Reset_Handler
    startup_stm32h743xx.o(RESET) refers to stm32h7xx_it.o(i.NMI_Handler) for NMI_Handler
    startup_stm32h743xx.o(RESET) refers to stm32h7xx_it.o(i.HardFault_Handler) for HardFault_Handler
    startup_stm32h743xx.o(RESET) refers to stm32h7xx_it.o(i.MemManage_Handler) for MemManage_Handler
    startup_stm32h743xx.o(RESET) refers to stm32h7xx_it.o(i.BusFault_Handler) for BusFault_Handler
    startup_stm32h743xx.o(RESET) refers to stm32h7xx_it.o(i.UsageFault_Handler) for UsageFault_Handler
    startup_stm32h743xx.o(RESET) refers to stm32h7xx_it.o(i.SVC_Handler) for SVC_Handler
    startup_stm32h743xx.o(RESET) refers to stm32h7xx_it.o(i.DebugMon_Handler) for DebugMon_Handler
    startup_stm32h743xx.o(RESET) refers to stm32h7xx_it.o(i.PendSV_Handler) for PendSV_Handler
    startup_stm32h743xx.o(RESET) refers to stm32h7xx_it.o(i.SysTick_Handler) for SysTick_Handler
    startup_stm32h743xx.o(RESET) refers to stm32h7xx_it.o(i.TIM4_IRQHandler) for TIM4_IRQHandler
    startup_stm32h743xx.o(RESET) refers to stm32h7xx_it.o(i.USART3_IRQHandler) for USART3_IRQHandler
    startup_stm32h743xx.o(.text) refers to system_stm32h7xx.o(i.SystemInit) for SystemInit
    startup_stm32h743xx.o(.text) refers to entry.o(.ARM.Collect$$$$00000000) for __main
    main.o(i.MPU_Config) refers to stm32h7xx_hal_cortex.o(i.HAL_MPU_Disable) for HAL_MPU_Disable
    main.o(i.MPU_Config) refers to stm32h7xx_hal_cortex.o(i.HAL_MPU_ConfigRegion) for HAL_MPU_ConfigRegion
    main.o(i.MPU_Config) refers to stm32h7xx_hal_cortex.o(i.HAL_MPU_Enable) for HAL_MPU_Enable
    main.o(i.SystemClock_Config) refers to memseta.o(.text) for __aeabi_memclr4
    main.o(i.SystemClock_Config) refers to stm32h7xx_hal_rcc.o(i.HAL_RCC_OscConfig) for HAL_RCC_OscConfig
    main.o(i.SystemClock_Config) refers to stm32h7xx_hal_rcc.o(i.HAL_RCC_ClockConfig) for HAL_RCC_ClockConfig
    main.o(i.SystemClock_Config) refers to stm32h7xx_hal_rcc.o(i.HAL_RCC_EnableCSS) for HAL_RCC_EnableCSS
    main.o(i.SystemClock_Config) refers to stm32h7xx_hal_cortex.o(i.HAL_SYSTICK_Config) for HAL_SYSTICK_Config
    main.o(i.SystemClock_Config) refers to stm32h7xx_hal_cortex.o(i.HAL_SYSTICK_CLKSourceConfig) for HAL_SYSTICK_CLKSourceConfig
    main.o(i.SystemClock_Config) refers to stm32h7xx_hal_cortex.o(i.HAL_NVIC_SetPriority) for HAL_NVIC_SetPriority
    main.o(i.SystemClock_Config) refers to system_stm32h7xx.o(.data) for SystemCoreClock
    main.o(i.main) refers to main.o(i.MPU_Config) for MPU_Config
    main.o(i.main) refers to main.o(i.CPU_CACHE_Enable) for CPU_CACHE_Enable
    main.o(i.main) refers to stm32h7xx_hal.o(i.HAL_Init) for HAL_Init
    main.o(i.main) refers to main.o(i.SystemClock_Config) for SystemClock_Config
    main.o(i.main) refers to bsp_debug_usart.o(i.MX_UARTx_Init) for MX_UARTx_Init
    main.o(i.main) refers to bsp_key.o(i.KEY_GPIO_Init) for KEY_GPIO_Init
    main.o(i.main) refers to bsp_led.o(i.LED_GPIO_Init) for LED_GPIO_Init
    main.o(i.main) refers to stm32h7xx_hal_gpio.o(i.HAL_GPIO_WritePin) for HAL_GPIO_WritePin
    main.o(i.main) refers to stm32h7xx_hal.o(i.HAL_Delay) for HAL_Delay
    main.o(i.main) refers to bsp_key.o(i.KEY1_StateRead) for KEY1_StateRead
    main.o(i.main) refers to bsp_key.o(i.KEY2_StateRead) for KEY2_StateRead
    main.o(i.main) refers to bsp_key.o(i.KEY3_StateRead) for KEY3_StateRead
    main.o(i.main) refers to bsp_key.o(i.KEY4_StateRead) for KEY4_StateRead
    main.o(i.main) refers to soem.o(i.RecoverFromFault) for RecoverFromFault
    main.o(i.main) refers to stm32h7xx_hal_gpio.o(i.HAL_GPIO_TogglePin) for HAL_GPIO_TogglePin
    main.o(i.main) refers to printfa.o(i.__0printf) for __2printf
    main.o(i.main) refers to motormotion.o(i.MotorToPulsePosition) for MotorToPulsePosition
    main.o(i.main) refers to motormotion.o(i.Motor_SoftStop) for Motor_SoftStop
    stm32h7xx_it.o(i.HAL_SYSTICK_Callback) refers to stm32h7xx_it.o(.data) for .data
    stm32h7xx_it.o(i.HAL_TIM_PeriodElapsedCallback) refers to motormotion.o(i.ecat_loop) for ecat_loop
    stm32h7xx_it.o(i.HAL_TIM_PeriodElapsedCallback) refers to bsp_generaltim.o(.bss) for htim4
    stm32h7xx_it.o(i.MX_UARTx_IRQHandler) refers to stm32h7xx_hal_uart.o(i.HAL_UART_IRQHandler) for HAL_UART_IRQHandler
    stm32h7xx_it.o(i.MX_UARTx_IRQHandler) refers to bsp_debug_usart.o(.bss) for huartx
    stm32h7xx_it.o(i.NMI_Handler) refers to stm32h7xx_hal_rcc.o(i.HAL_RCC_NMI_IRQHandler) for HAL_RCC_NMI_IRQHandler
    stm32h7xx_it.o(i.SysTick_Handler) refers to stm32h7xx_hal.o(i.HAL_IncTick) for HAL_IncTick
    stm32h7xx_it.o(i.SysTick_Handler) refers to stm32h7xx_hal_cortex.o(i.HAL_SYSTICK_IRQHandler) for HAL_SYSTICK_IRQHandler
[...]
    EXTI4_IRQHandler                         0x080002c7   Thumb Code     0  startup_stm32h743xx.o(.text)
    EXTI9_5_IRQHandler                       0x080002c7   Thumb Code     0  startup_stm32h743xx.o(.text)
    FDCAN1_IT0_IRQHandler                    0x080002c7   Thumb Code     0  startup_stm32h743xx.o(.text)
    FDCAN1_IT1_IRQHandler                    0x080002c7   Thumb Code     0  startup_stm32h743xx.o(.text)
    FDCAN2_IT0_IRQHandler                    0x080002c7   Thumb Code     0  startup_stm32h743xx.o(.text)
    FDCAN2_IT1_IRQHandler                    0x080002c7   Thumb Code     0  startup_stm32h743xx.o(.text)
    FDCAN_CAL_IRQHandler                     0x080002c7   Thumb Code     0  startup_stm32h743xx.o(.text)
    FLASH_IRQHandler                         0x080002c7   Thumb Code     0  startup_stm32h743xx.o(.text)
    FMC_IRQHandler                           0x080002c7   Thumb Code     0  startup_stm32h743xx.o(.text)
    FPU_IRQHandler                           0x080002c7   Thumb Code     0  startup_stm32h743xx.o(.text)
    HRTIM1_FLT_IRQHandler                    0x080002c7   Thumb Code     0  startup_stm32h743xx.o(.text)
    HRTIM1_Master_IRQHandler                 0x080002c7   Thumb Code     0  startup_stm32h743xx.o(.text)
    HRTIM1_TIMA_IRQHandler                   0x080002c7   Thumb Code     0  startup_stm32h743xx.o(.text)
    HRTIM1_TIMB_IRQHandler                   0x080002c7   Thumb Code     0  startup_stm32h743xx.o(.text)
    HRTIM1_TIMC_IRQHandler                   0x080002c7   Thumb Code     0  startup_stm32h743xx.o(.text)
    HRTIM1_TIMD_IRQHandler                   0x080002c7   Thumb Code     0  startup_stm32h743xx.o(.text)
    HRTIM1_TIME_IRQHandler                   0x080002c7   Thumb Code     0  startup_stm32h743xx.o(.text)
    HSEM1_IRQHandler                         0x080002c7   Thumb Code     0  startup_stm32h743xx.o(.text)
    I2C1_ER_IRQHandler                       0x080002c7   Thumb Code     0  startup_stm32h743xx.o(.text)
    I2C1_EV_IRQHandler                       0x080002c7   Thumb Code     0  startup_stm32h743xx.o(.text)
    I2C2_ER_IRQHandler                       0x080002c7   Thumb Code     0  startup_stm32h743xx.o(.text)
    I2C2_EV_IRQHandler                       0x080002c7   Thumb Code     0  startup_stm32h743xx.o(.text)
    I2C3_ER_IRQHandler                       0x080002c7   Thumb Code     0  startup_stm32h743xx.o(.text)
    I2C3_EV_IRQHandler                       0x080002c7   Thumb Code     0  startup_stm32h743xx.o(.text)
    I2C4_ER_IRQHandler                       0x080002c7   Thumb Code     0  startup_stm32h743xx.o(.text)
    I2C4_EV_IRQHandler                       0x080002c7   Thumb Code     0  startup_stm32h743xx.o(.text)
    JPEG_IRQHandler                          0x080002c7   Thumb Code     0  startup_stm32h743xx.o(.text)
    LPTIM1_IRQHandler                        0x080002c7   Thumb Code     0  startup_stm32h743xx.o(.text)
    LPTIM2_IRQHandler                        0x080002c7   Thumb Code     0  startup_stm32h743xx.o(.text)
    LPTIM3_IRQHandler                        0x080002c7   Thumb Code     0  startup_stm32h743xx.o(.text)
    LPTIM4_IRQHandler                        0x080002c7   Thumb Code     0  startup_stm32h743xx.o(.text)
    LPTIM5_IRQHandler                        0x080002c7   Thumb Code     0  startup_stm32h743xx.o(.text)
    LPUART1_IRQHandler                       0x080002c7   Thumb Code     0  startup_stm32h743xx.o(.text)
    LTDC_ER_IRQHandler                       0x080002c7   Thumb Code     0  startup_stm32h743xx.o(.text)
    LTDC_IRQHandler                          0x080002c7   Thumb Code     0  startup_stm32h743xx.o(.text)
    MDIOS_IRQHandler                         0x080002c7   Thumb Code     0  startup_stm32h743xx.o(.text)
    MDIOS_WKUP_IRQHandler                    0x080002c7   Thumb Code     0  startup_stm32h743xx.o(.text)
    MDMA_IRQHandler                          0x080002c7   Thumb Code     0  startup_stm32h743xx.o(.text)
    OTG_FS_EP1_IN_IRQHandler                 0x080002c7   Thumb Code     0  startup_stm32h743xx.o(.text)
    OTG_FS_EP1_OUT_IRQHandler                0x080002c7   Thumb Code     0  startup_stm32h743xx.o(.text)
    OTG_FS_IRQHandler                        0x080002c7   Thumb Code     0  startup_stm32h743xx.o(.text)
    OTG_FS_WKUP_IRQHandler                   0x080002c7   Thumb Code     0  startup_stm32h743xx.o(.text)
    OTG_HS_EP1_IN_IRQHandler                 0x080002c7   Thumb Code     0  startup_stm32h743xx.o(.text)
    OTG_HS_EP1_OUT_IRQHandler                0x080002c7   Thumb Code     0  startup_stm32h743xx.o(.text)
    OTG_HS_IRQHandler                        0x080002c7   Thumb Code     0  startup_stm32h743xx.o(.text)
    OTG_HS_WKUP_IRQHandler                   0x080002c7   Thumb Code     0  startup_stm32h743xx.o(.text)
    PVD_AVD_IRQHandler                       0x080002c7   Thumb Code     0  startup_stm32h743xx.o(.text)
    QUADSPI_IRQHandler                       0x080002c7   Thumb Code     0  startup_stm32h743xx.o(.text)
    RCC_IRQHandler                           0x080002c7   Thumb Code     0  startup_stm32h743xx.o(.text)
    RNG_IRQHandler                           0x080002c7   Thumb Code     0  startup_stm32h743xx.o(.text)
    RTC_Alarm_IRQHandler                     0x080002c7   Thumb Code     0  startup_stm32h743xx.o(.text)
    RTC_WKUP_IRQHandler                      0x080002c7   Thumb Code     0  startup_stm32h743xx.o(.text)
    SAI1_IRQHandler                          0x080002c7   Thumb Code     0  startup_stm32h743xx.o(.text)
    SAI2_IRQHandler                          0x080002c7   Thumb Code     0  startup_stm32h743xx.o(.text)
    SAI3_IRQHandler                          0x080002c7   Thumb Code     0  startup_stm32h743xx.o(.text)
    SAI4_IRQHandler                          0x080002c7   Thumb Code     0  startup_stm32h743xx.o(.text)
    SDMMC1_IRQHandler                        0x080002c7   Thumb Code     0  startup_stm32h743xx.o(.text)
    SDMMC2_IRQHandler                        0x080002c7   Thumb Code     0  startup_stm32h743xx.o(.text)
    SPDIF_RX_IRQHandler                      0x080002c7   Thumb Code     0  startup_stm32h743xx.o(.text)
    SPI1_IRQHandler                          0x080002c7   Thumb Code     0  startup_stm32h743xx.o(.text)
    SPI2_IRQHandler                          0x080002c7   Thumb Code     0  startup_stm32h743xx.o(.text)
    SPI3_IRQHandler                          0x080002c7   Thumb Code     0  startup_stm32h743xx.o(.text)
    SPI4_IRQHandler                          0x080002c7   Thumb Code     0  startup_stm32h743xx.o(.text)
    SPI5_IRQHandler                          0x080002c7   Thumb Code     0  startup_stm32h743xx.o(.text)
    SPI6_IRQHandler                          0x080002c7   Thumb Code     0  startup_stm32h743xx.o(.text)
    SWPMI1_IRQHandler                        0x080002c7   Thumb Code     0  startup_stm32h743xx.o(.text)
    TAMP_STAMP_IRQHandler                    0x080002c7   Thumb Code     0  startup_stm32h743xx.o(.text)
    TIM15_IRQHandler                         0x080002c7   Thumb Code     0  startup_stm32h743xx.o(.text)
    TIM16_IRQHandler                         0x080002c7   Thumb Code     0  startup_stm32h743xx.o(.text)
    TIM17_IRQHandler                         0x080002c7   Thumb Code     0  startup_stm32h743xx.o(.text)
    TIM1_BRK_IRQHandler                      0x080002c7   Thumb Code     0  startup_stm32h743xx.o(.text)
    TIM1_CC_IRQHandler                       0x080002c7   Thumb Code     0  startup_stm32h743xx.o(.text)
    TIM1_TRG_COM_IRQHandler                  0x080002c7   Thumb Code     0  startup_stm32h743xx.o(.text)
    TIM1_UP_IRQHandler                       0x080002c7   Thumb Code     0  startup_stm32h743xx.o(.text)
    TIM2_IRQHandler                          0x080002c7   Thumb Code     0  startup_stm32h743xx.o(.text)
    TIM3_IRQHandler                          0x080002c7   Thumb Code     0  startup_stm32h743xx.o(.text)
    TIM5_IRQHandler                          0x080002c7   Thumb Code     0  startup_stm32h743xx.o(.text)
    TIM6_DAC_IRQHandler                      0x080002c7   Thumb Code     0  startup_stm32h743xx.o(.text)
    TIM7_IRQHandler                          0x080002c7   Thumb Code     0  startup_stm32h743xx.o(.text)
    TIM8_BRK_TIM12_IRQHandler                0x080002c7   Thumb Code     0  startup_stm32h743xx.o(.text)
    TIM8_CC_IRQHandler                       0x080002c7   Thumb Code     0  startup_stm32h743xx.o(.text)
    TIM8_TRG_COM_TIM14_IRQHandler            0x080002c7   Thumb Code     0  startup_stm32h743xx.o(.text)
    TIM8_UP_TIM13_IRQHandler                 0x080002c7   Thumb Code     0  startup_stm32h743xx.o(.text)
    UART4_IRQHandler                         0x080002c7   Thumb Code     0  startup_stm32h743xx.o(.text)
    UART5_IRQHandler                         0x080002c7   Thumb Code     0  startup_stm32h743xx.o(.text)
    UART7_IRQHandler                         0x080002c7   Thumb Code     0  startup_stm32h743xx.o(.text)
    UART8_IRQHandler                         0x080002c7   Thumb Code     0  startup_stm32h743xx.o(.text)
    USART1_IRQHandler                        0x080002c7   Thumb Code     0  startup_stm32h743xx.o(.text)
    USART2_IRQHandler                        0x080002c7   Thumb Code     0  startup_stm32h743xx.o(.text)
    USART6_IRQHandler                        0x080002c7   Thumb Code     0  startup_stm32h743xx.o(.text)
    WAKEUP_PIN_IRQHandler                    0x080002c7   Thumb Code     0  startup_stm32h743xx.o(.text)
    WWDG_IRQHandler                          0x080002c7   Thumb Code     0  startup_stm32h743xx.o(.text)
    __aeabi_uldivmod                         0x080002d1   Thumb Code    98  uldiv.o(.text)
    __aeabi_ldivmod                          0x08000333   Thumb Code    98  ldiv.o(.text)
    toupper                                  0x08000395   Thumb Code    12  toupper.o(.text)
    __aeabi_memcpy                           0x080003a1   Thumb Code    36  memcpya.o(.text)
    __aeabi_memcpy4                          0x080003a1   Thumb Code     0  memcpya.o(.text)
    __aeabi_memcpy8                          0x080003a1   Thumb Code     0  memcpya.o(.text)
    __aeabi_memset                           0x080003c5   Thumb Code    14  memseta.o(.text)
    __aeabi_memset4                          0x080003c5   Thumb Code     0  memseta.o(.text)
    __aeabi_memset8                          0x080003c5   Thumb Code     0  memseta.o(.text)
    __aeabi_memclr                           0x080003d3   Thumb Code     4  memseta.o(.text)
    __aeabi_memclr4                          0x080003d3   Thumb Code     0  memseta.o(.text)
    __aeabi_memclr8                          0x080003d3   Thumb Code     0  memseta.o(.text)
    _memset$wrapper                          0x080003d7   Thumb Code    18  memseta.o(.text)
    strncpy                                  0x080003e9   Thumb Code    24  strncpy.o(.text)
    strcmp                                   0x08000401   Thumb Code    28  strcmp.o(.text)
    strcpy                                   0x0800041d   Thumb Code    18  strcpy.o(.text)
    strtok                                   0x08000431   Thumb Code    62  strtok.o(.text)
    atoi                                     0x08000475   Thumb Code    26  atoi.o(.text)
    __aeabi_uidiv                            0x0800048f   Thumb Code     0  uidiv.o(.text)
    __aeabi_uidivmod                         0x0800048f   Thumb Code    44  uidiv.o(.text)
    __aeabi_llsl                             0x080004bb   Thumb Code    30  llshl.o(.text)
    _ll_shift_l                              0x080004bb   Thumb Code     0  llshl.o(.text)
    __aeabi_llsr                             0x080004d9   Thumb Code    32  llushr.o(.text)
    _ll_ushift_r                             0x080004d9   Thumb Code     0  llushr.o(.text)
    strtol                                   0x080004f9   Thumb Code   112  strtol.o(.text)
    __I$use$fp                               0x08000569   Thumb Code     0  iusefp.o(.text)
    __aeabi_dadd                             0x08000569   Thumb Code   322  dadd.o(.text)
    __aeabi_dsub                             0x080006ab   Thumb Code     6  dadd.o(.text)
    __aeabi_drsub                            0x080006b1   Thumb Code     6  dadd.o(.text)
    __aeabi_dmul                             0x080006b7   Thumb Code   228  dmul.o(.text)
    __aeabi_ddiv                             0x0800079b   Thumb Code   222  ddiv.o(.text)
    __aeabi_d2ulz                            0x08000879   Thumb Code    48  dfixul.o(.text)
    __aeabi_cdrcmple                         0x080008a9   Thumb Code    48  cdrcmple.o(.text)
    __scatterload                            0x080008d9   Thumb Code    28  init.o(.text)
    __scatterload_rt2                        0x080008d9   Thumb Code     0  init.o(.text)
    __aeabi_lasr                             0x080008fd   Thumb Code    36  llsshr.o(.text)
    _ll_sshift_r                             0x080008fd   Thumb Code     0  llsshr.o(.text)
    __rt_ctype_table                         0x08000921   Thumb Code     4  ctype_o.o(.text)
    _strtoul                                 0x08000929   Thumb Code   158  _strtoul.o(.text)
    _double_round                            0x080009c7   Thumb Code    30  depilogue.o(.text)
    _double_epilogue                         0x080009e5   Thumb Code   156  depilogue.o(.text)
    _chval                                   0x08000a81   Thumb Code    28  _chval.o(.text)
    __decompress                             0x08000a9d   Thumb Code     0  __dczerorl2.o(.text)
    __decompress1                            0x08000a9d   Thumb Code    86  __dczerorl2.o(.text)
    BusFault_Handler                         0x08000af3   Thumb Code     2  stm32h7xx_it.o(i.BusFault_Handler)
    DebugMon_Handler                         0x08000d01   Thumb Code     2  stm32h7xx_it.o(i.DebugMon_Handler)
    ETH_PHY_ReadReg                          0x08000ddd   Thumb Code    24  lan8720.o(i.ETH_PHY_ReadReg)
    ETH_PHY_WriteReg                         0x08000df9   Thumb Code    24  lan8720.o(i.ETH_PHY_WriteReg)
    GetSec                                   0x08001331   Thumb Code     6  bsp_generaltim.o(i.GetSec)
    GetUSec                                  0x0800133d   Thumb Code     8  bsp_generaltim.o(i.GetUSec)
    HAL_DMA_Abort                            0x08001345   Thumb Code   218  stm32h7xx_hal_dma.o(i.HAL_DMA_Abort)
    HAL_DMA_Abort_IT                         0x08001429   Thumb Code   138  stm32h7xx_hal_dma.o(i.HAL_DMA_Abort_IT)
    HAL_DMA_GetError                         0x080014bd   Thumb Code     4  stm32h7xx_hal_dma.o(i.HAL_DMA_GetError)
    HAL_DMA_Init                             0x080014c1   Thumb Code   408  stm32h7xx_hal_dma.o(i.HAL_DMA_Init)
    HAL_DMA_Start_IT                         0x08001665   Thumb Code   204  stm32h7xx_hal_dma.o(i.HAL_DMA_Start_IT)
    HAL_Delay                                0x08001735   Thumb Code    32  stm32h7xx_hal.o(i.HAL_Delay)
    HAL_ETH_BuildRxDescriptors               0x08001759   Thumb Code   120  stm32h7xx_hal_eth.o(i.HAL_ETH_BuildRxDescriptors)
    HAL_ETH_DescAssignMemory                 0x080017d1   Thumb Code    56  stm32h7xx_hal_eth.o(i.HAL_ETH_DescAssignMemory)
    HAL_ETH_GetMACConfig                     0x08001809   Thumb Code   460  stm32h7xx_hal_eth.o(i.HAL_ETH_GetMACConfig)
    HAL_ETH_GetMACFilterConfig               0x080019d5   Thumb Code   122  stm32h7xx_hal_eth.o(i.HAL_ETH_GetMACFilterConfig)
    HAL_ETH_GetRxDataBuffer                  0x08001a4f   Thumb Code   172  stm32h7xx_hal_eth.o(i.HAL_ETH_GetRxDataBuffer)
    HAL_ETH_GetRxDataLength                  0x08001afb   Thumb Code    52  stm32h7xx_hal_eth.o(i.HAL_ETH_GetRxDataLength)
    HAL_ETH_Init                             0x08001b31   Thumb Code   484  stm32h7xx_hal_eth.o(i.HAL_ETH_Init)
    HAL_ETH_IsRxDataAvailable                0x08001d3d   Thumb Code   202  stm32h7xx_hal_eth.o(i.HAL_ETH_IsRxDataAvailable)
    HAL_ETH_MspInit                          0x08001e09   Thumb Code   226  ethernetif.o(i.HAL_ETH_MspInit)
    HAL_ETH_ReadPHYRegister                  0x08001f05   Thumb Code   100  stm32h7xx_hal_eth.o(i.HAL_ETH_ReadPHYRegister)
    HAL_ETH_SetMACConfig                     0x08001f69   Thumb Code    24  stm32h7xx_hal_eth.o(i.HAL_ETH_SetMACConfig)
    HAL_ETH_SetMACFilterConfig               0x08001f81   Thumb Code    92  stm32h7xx_hal_eth.o(i.HAL_ETH_SetMACFilterConfig)
    HAL_ETH_Start_IT                         0x08001fe1   Thumb Code   182  stm32h7xx_hal_eth.o(i.HAL_ETH_Start_IT)
    HAL_ETH_Transmit                         0x08002097   Thumb Code   192  stm32h7xx_hal_eth.o(i.HAL_ETH_Transmit)
    HAL_ETH_WritePHYRegister                 0x08002159   Thumb Code    94  stm32h7xx_hal_eth.o(i.HAL_ETH_WritePHYRegister)
    HAL_GPIO_Init                            0x080021bd   Thumb Code   450  stm32h7xx_hal_gpio.o(i.HAL_GPIO_Init)
    HAL_GPIO_ReadPin                         0x080023b1   Thumb Code    10  stm32h7xx_hal_gpio.o(i.HAL_GPIO_ReadPin)
    HAL_GPIO_TogglePin                       0x080023bb   Thumb Code     8  stm32h7xx_hal_gpio.o(i.HAL_GPIO_TogglePin)
    HAL_GPIO_WritePin                        0x080023c3   Thumb Code    10  stm32h7xx_hal_gpio.o(i.HAL_GPIO_WritePin)
    HAL_GetTick                              0x080023cd   Thumb Code     6  stm32h7xx_hal.o(i.HAL_GetTick)
    HAL_IncTick                              0x080023d9   Thumb Code    12  stm32h7xx_hal.o(i.HAL_IncTick)
    HAL_Init                                 0x080023e9   Thumb Code    28  stm32h7xx_hal.o(i.HAL_Init)
    HAL_InitTick                             0x08002405   Thumb Code    54  stm32h7xx_hal.o(i.HAL_InitTick)
    HAL_MPU_ConfigRegion                     0x08002445   Thumb Code    86  stm32h7xx_hal_cortex.o(i.HAL_MPU_ConfigRegion)
    HAL_MPU_Disable                          0x080024a1   Thumb Code    24  stm32h7xx_hal_cortex.o(i.HAL_MPU_Disable)
    HAL_MPU_Enable                           0x080024bd   Thumb Code    30  stm32h7xx_hal_cortex.o(i.HAL_MPU_Enable)
    HAL_MspInit                              0x080024e1   Thumb Code   106  stm32h7xx_hal_msp.o(i.HAL_MspInit)
    HAL_NVIC_EnableIRQ                       0x08002551   Thumb Code    26  stm32h7xx_hal_cortex.o(i.HAL_NVIC_EnableIRQ)
    HAL_NVIC_SetPriority                     0x0800256d   Thumb Code    60  stm32h7xx_hal_cortex.o(i.HAL_NVIC_SetPriority)
    HAL_NVIC_SetPriorityGrouping             0x080025ad   Thumb Code    28  stm32h7xx_hal_cortex.o(i.HAL_NVIC_SetPriorityGrouping)
    HAL_RCCEx_GetD1SysClockFreq              0x080025d1   Thumb Code    40  stm32h7xx_hal_rcc_ex.o(i.HAL_RCCEx_GetD1SysClockFreq)
    HAL_RCCEx_GetD3PCLK1Freq                 0x08002605   Thumb Code    34  stm32h7xx_hal_rcc_ex.o(i.HAL_RCCEx_GetD3PCLK1Freq)
    HAL_RCCEx_GetPLL2ClockFreq               0x08002631   Thumb Code   268  stm32h7xx_hal_rcc_ex.o(i.HAL_RCCEx_GetPLL2ClockFreq)
    HAL_RCCEx_GetPLL3ClockFreq               0x08002751   Thumb Code   268  stm32h7xx_hal_rcc_ex.o(i.HAL_RCCEx_GetPLL3ClockFreq)
    HAL_RCC_CSSCallback                      0x08002871   Thumb Code     2  stm32h7xx_hal_rcc.o(i.HAL_RCC_CSSCallback)
    HAL_RCC_ClockConfig                      0x08002875   Thumb Code   458  stm32h7xx_hal_rcc.o(i.HAL_RCC_ClockConfig)
    HAL_RCC_EnableCSS                        0x08002a51   Thumb Code    12  stm32h7xx_hal_rcc.o(i.HAL_RCC_EnableCSS)
    HAL_RCC_GetHCLKFreq                      0x08002a61   Thumb Code    38  stm32h7xx_hal_rcc.o(i.HAL_RCC_GetHCLKFreq)
    HAL_RCC_GetPCLK1Freq                     0x08002a95   Thumb Code    34  stm32h7xx_hal_rcc.o(i.HAL_RCC_GetPCLK1Freq)
    HAL_RCC_GetPCLK2Freq                     0x08002ac1   Thumb Code    36  stm32h7xx_hal_rcc.o(i.HAL_RCC_GetPCLK2Freq)
    HAL_RCC_GetSysClockFreq                  0x08002aed   Thumb Code   286  stm32h7xx_hal_rcc.o(i.HAL_RCC_GetSysClockFreq)
    HAL_RCC_NMI_IRQHandler                   0x08002c1d   Thumb Code    26  stm32h7xx_hal_rcc.o(i.HAL_RCC_NMI_IRQHandler)
    HAL_RCC_OscConfig                        0x08002c3d   Thumb Code  1186  stm32h7xx_hal_rcc.o(i.HAL_RCC_OscConfig)
    HAL_SYSCFG_ETHInterfaceSelect            0x080030e5   Thumb Code    14  stm32h7xx_hal.o(i.HAL_SYSCFG_ETHInterfaceSelect)
    HAL_SYSTICK_CLKSourceConfig              0x080030f9   Thumb Code    24  stm32h7xx_hal_cortex.o(i.HAL_SYSTICK_CLKSourceConfig)
    HAL_SYSTICK_Callback                     0x08003111   Thumb Code     8  stm32h7xx_it.o(i.HAL_SYSTICK_Callback)
    HAL_SYSTICK_Config                       0x0800311d   Thumb Code    38  stm32h7xx_hal_cortex.o(i.HAL_SYSTICK_Config)
    HAL_SYSTICK_IRQHandler                   0x08003143   Thumb Code     8  stm32h7xx_hal_cortex.o(i.HAL_SYSTICK_IRQHandler)
    HAL_TIMEx_BreakCallback                  0x0800314b   Thumb Code     2  stm32h7xx_hal_tim_ex.o(i.HAL_TIMEx_BreakCallback)
    HAL_TIMEx_CommutationCallback            0x0800314d   Thumb Code     2  stm32h7xx_hal_tim_ex.o(i.HAL_TIMEx_CommutationCallback)
    HAL_TIMEx_MasterConfigSynchronization    0x08003151   Thumb Code    78  stm32h7xx_hal_tim_ex.o(i.HAL_TIMEx_MasterConfigSynchronization)
    HAL_TIM_Base_Init                        0x080031a9   Thumb Code    54  stm32h7xx_hal_tim.o(i.HAL_TIM_Base_Init)
    HAL_TIM_Base_MspInit                     0x080031e1   Thumb Code    94  bsp_generaltim.o(i.HAL_TIM_Base_MspInit)
    HAL_TIM_Base_Start                       0x0800324d   Thumb Code    26  stm32h7xx_hal_tim.o(i.HAL_TIM_Base_Start)
    HAL_TIM_Base_Start_IT                    0x08003267   Thumb Code    24  stm32h7xx_hal_tim.o(i.HAL_TIM_Base_Start_IT)
    HAL_TIM_ConfigClockSource                0x08003281   Thumb Code   244  stm32h7xx_hal_tim.o(i.HAL_TIM_ConfigClockSource)
    HAL_TIM_IC_CaptureCallback               0x0800337d   Thumb Code     2  stm32h7xx_hal_tim.o(i.HAL_TIM_IC_CaptureCallback)
    HAL_TIM_IRQHandler                       0x0800337f   Thumb Code   382  stm32h7xx_hal_tim.o(i.HAL_TIM_IRQHandler)
    HAL_TIM_OC_DelayElapsedCallback          0x080034fd   Thumb Code     2  stm32h7xx_hal_tim.o(i.HAL_TIM_OC_DelayElapsedCallback)
    HAL_TIM_PWM_PulseFinishedCallback        0x080034ff   Thumb Code     2  stm32h7xx_hal_tim.o(i.HAL_TIM_PWM_PulseFinishedCallback)
    HAL_TIM_PeriodElapsedCallback            0x08003501   Thumb Code    12  stm32h7xx_it.o(i.HAL_TIM_PeriodElapsedCallback)
    HAL_TIM_SlaveConfigSynchronization       0x08003511   Thumb Code    68  stm32h7xx_hal_tim.o(i.HAL_TIM_SlaveConfigSynchronization)
    HAL_TIM_TriggerCallback                  0x08003555   Thumb Code     2  stm32h7xx_hal_tim.o(i.HAL_TIM_TriggerCallback)
    HAL_UARTEx_WakeupCallback                0x08003557   Thumb Code     2  stm32h7xx_hal_uart_ex.o(i.HAL_UARTEx_WakeupCallback)
    HAL_UART_DMAStop                         0x08003559   Thumb Code    84  stm32h7xx_hal_uart.o(i.HAL_UART_DMAStop)
    HAL_UART_ErrorCallback                   0x080035ad   Thumb Code     2  stm32h7xx_hal_uart.o(i.HAL_UART_ErrorCallback)
    HAL_UART_IRQHandler                      0x080035b1   Thumb Code   374  stm32h7xx_hal_uart.o(i.HAL_UART_IRQHandler)
    HAL_UART_Init                            0x08003731   Thumb Code   106  stm32h7xx_hal_uart.o(i.HAL_UART_Init)
    HAL_UART_MspInit                         0x0800379b   Thumb Code     2  stm32h7xx_hal_uart.o(i.HAL_UART_MspInit)
    HAL_UART_Receive_DMA                     0x0800379d   Thumb Code   132  stm32h7xx_hal_uart.o(i.HAL_UART_Receive_DMA)
    HAL_UART_RxCpltCallback                  0x0800382d   Thumb Code     2  stm32h7xx_hal_uart.o(i.HAL_UART_RxCpltCallback)
    HAL_UART_RxHalfCpltCallback              0x0800382f   Thumb Code     2  stm32h7xx_hal_uart.o(i.HAL_UART_RxHalfCpltCallback)
    HAL_UART_Transmit                        0x08003831   Thumb Code   182  stm32h7xx_hal_uart.o(i.HAL_UART_Transmit)
    HAL_UART_TxCpltCallback                  0x080038e7   Thumb Code     2  stm32h7xx_hal_uart.o(i.HAL_UART_TxCpltCallback)
    HardFault_Handler                        0x080038e9   Thumb Code     2  stm32h7xx_it.o(i.HardFault_Handler)
    KEY1_StateRead                           0x080038ed   Thumb Code    54  bsp_key.o(i.KEY1_StateRead)
    KEY2_StateRead                           0x08003929   Thumb Code    54  bsp_key.o(i.KEY2_StateRead)
    KEY3_StateRead                           0x08003965   Thumb Code    54  bsp_key.o(i.KEY3_StateRead)
    KEY4_StateRead                           0x080039a1   Thumb Code    54  bsp_key.o(i.KEY4_StateRead)
    KEY_GPIO_Init                            0x080039dd   Thumb Code   144  bsp_key.o(i.KEY_GPIO_Init)
    LAN8720A_StartAutoNego                   0x08003a79   Thumb Code    30  lan8720.o(i.LAN8720A_StartAutoNego)
    LAN8720_GetLinkState                     0x08003a99   Thumb Code   148  lan8720.o(i.LAN8720_GetLinkState)
    LAN8720_Init                             0x08003b35   Thumb Code   132  lan8720.o(i.LAN8720_Init)
    LED_GPIO_Init                            0x08003c21   Thumb Code   166  bsp_led.o(i.LED_GPIO_Init)
    MX_ETH_Init                              0x08003d59   Thumb Code    72  ethernetif.o(i.MX_ETH_Init)
    MX_TIM2_Init                             0x08003db1   Thumb Code    70  bsp_generaltim.o(i.MX_TIM2_Init)
    MX_TIM3_Init                             0x08003e01   Thumb Code    58  bsp_generaltim.o(i.MX_TIM3_Init)
    MX_TIM4_Init                             0x08003e45   Thumb Code    60  bsp_generaltim.o(i.MX_TIM4_Init)
    MX_UARTx_Init                            0x08003e89   Thumb Code   250  bsp_debug_usart.o(i.MX_UARTx_Init)
    MemManage_Handler                        0x08003f9d   Thumb Code     2  stm32h7xx_it.o(i.MemManage_Handler)
    MotorController_Init                     0x08003f9f   Thumb Code   216  motormotion.o(i.MotorController_Init)
    MotorController_Update                   0x08004077   Thumb Code   248  motormotion.o(i.MotorController_Update)
    MotorToPulsePosition                     0x08004171   Thumb Code   136  motormotion.o(i.MotorToPulsePosition)
    Motor_SoftStop                           0x08004201   Thumb Code   128  motormotion.o(i.Motor_SoftStop)
    NMI_Handler                              0x08004361   Thumb Code     4  stm32h7xx_it.o(i.NMI_Handler)
    PHY_Init                                 0x08004365   Thumb Code   166  ethernetif.o(i.PHY_Init)
    PendSV_Handler                           0x08004441   Thumb Code     2  stm32h7xx_it.o(i.PendSV_Handler)
    ProcessReceivedData                      0x08004445   Thumb Code    82  system_command.o(i.ProcessReceivedData)
    RecoverFromFault                         0x080044d9   Thumb Code   360  soem.o(i.RecoverFromFault)
    SVC_Handler                              0x080047c9   Thumb Code     2  stm32h7xx_it.o(i.SVC_Handler)
    SerialCmd_Execute                        0x080047cd   Thumb Code   234  system_command.o(i.SerialCmd_Execute)
    SerialCmd_ParseLine                      0x08004a25   Thumb Code   330  system_command.o(i.SerialCmd_ParseLine)
    SysTick_Handler                          0x08004ba9   Thumb Code    14  stm32h7xx_it.o(i.SysTick_Handler)
    SystemInit                               0x08004c7d   Thumb Code   118  system_stm32h7xx.o(i.SystemInit)
    TIM4_IRQHandler                          0x08004d05   Thumb Code     6  stm32h7xx_it.o(i.TIM4_IRQHandler)
    TIM_Base_SetConfig                       0x08004d11   Thumb Code   162  stm32h7xx_hal_tim.o(i.TIM_Base_SetConfig)
    TIM_ETR_SetConfig                        0x08004dd5   Thumb Code    18  stm32h7xx_hal_tim.o(i.TIM_ETR_SetConfig)
    UART_AdvFeatureConfig                    0x08004ec7   Thumb Code   200  stm32h7xx_hal_uart.o(i.UART_AdvFeatureConfig)
    UART_CheckIdleState                      0x08004f8f   Thumb Code    92  stm32h7xx_hal_uart.o(i.UART_CheckIdleState)
    UART_SetConfig                           0x0800513d   Thumb Code  1252  stm32h7xx_hal_uart.o(i.UART_SetConfig)
    UART_WaitOnFlagUntilTimeout              0x0800569b   Thumb Code   100  stm32h7xx_hal_uart.o(i.UART_WaitOnFlagUntilTimeout)
    USART3_IRQHandler                        0x08005701   Thumb Code   122  stm32h7xx_it.o(i.USART3_IRQHandler)
    UsageFault_Handler                       0x0800578d   Thumb Code     2  stm32h7xx_it.o(i.UsageFault_Handler)
    Zeroer_CSPInit                           0x08005791   Thumb Code   364  soem.o(i.Zeroer_CSPInit)
    Zeroer_Nsetup                            0x080059ad   Thumb Code   294  soem.o(i.Zeroer_Nsetup)
    __0printf                                0x08005b25   Thumb Code    22  printfa.o(i.__0printf)
    __1printf                                0x08005b25   Thumb Code     0  printfa.o(i.__0printf)
    __2printf                                0x08005b25   Thumb Code     0  printfa.o(i.__0printf)
    __c89printf                              0x08005b25   Thumb Code     0  printfa.o(i.__0printf)
    printf                                   0x08005b25   Thumb Code     0  printfa.o(i.__0printf)
    __0sprintf                               0x08005b45   Thumb Code    34  printfa.o(i.__0sprintf)
    __1sprintf                               0x08005b45   Thumb Code     0  printfa.o(i.__0sprintf)
    __2sprintf                               0x08005b45   Thumb Code     0  printfa.o(i.__0sprintf)
    __c89sprintf                             0x08005b45   Thumb Code     0  printfa.o(i.__0sprintf)
    sprintf                                  0x08005b45   Thumb Code     0  printfa.o(i.__0sprintf)
    __aeabi_errno_addr                       0x08005b91   Thumb Code     4  errno.o(i.__aeabi_errno_addr)
    __rt_errno_addr                          0x08005b91   Thumb Code     0  errno.o(i.__aeabi_errno_addr)
    __scatterload_copy                       0x08005b99   Thumb Code    14  handlers.o(i.__scatterload_copy)
    __scatterload_null                       0x08005ba7   Thumb Code     2  handlers.o(i.__scatterload_null)
    __scatterload_zeroinit                   0x08005ba9   Thumb Code    14  handlers.o(i.__scatterload_zeroinit)
    bfin_EMAC_recv                           0x08006475   Thumb Code   118  ethernetif.o(i.bfin_EMAC_recv)
    bfin_EMAC_send                           0x080064fd   Thumb Code    26  ethernetif.o(i.bfin_EMAC_send)
    ec_SDOwrite                              0x0800651d   Thumb Code    30  ethercatcoe.o(i.ec_SDOwrite)
    ec_clearmbx                              0x08006541   Thumb Code     8  ethercatmain.o(i.ec_clearmbx)
    ec_config_init                           0x08006549   Thumb Code     8  ethercatconfig.o(i.ec_config_init)
    ec_config_map                            0x08006555   Thumb Code     6  ethercatconfig.o(i.ec_config_map)
    ec_config_map_group                      0x0800655d   Thumb Code    10  ethercatconfig.o(i.ec_config_map_group)
    ec_configdc                              0x0800656d   Thumb Code     6  ethercatdc.o(i.ec_configdc)
    ec_dcsync0                               0x08006579   Thumb Code    18  ethercatdc.o(i.ec_dcsync0)
    ec_findconfig                            0x08006591   Thumb Code    42  ethercatconfig.o(i.ec_findconfig)
    ec_init                                  0x080065c1   Thumb Code    12  ethercatmain.o(i.ec_init)
    ec_nextmbxcnt                            0x080065d1   Thumb Code    12  ethercatmain.o(i.ec_nextmbxcnt)
    ec_readstate                             0x080065dd   Thumb Code     6  ethercatmain.o(i.ec_readstate)
    ec_receive_processdata                   0x080065e9   Thumb Code     8  ethercatmain.o(i.ec_receive_processdata)
    ec_receive_processdata_group             0x080065f1   Thumb Code    10  ethercatmain.o(i.ec_receive_processdata_group)
    ec_send_processdata                      0x08006601   Thumb Code     6  ethercatmain.o(i.ec_send_processdata)
    ec_send_processdata_group                0x08006609   Thumb Code    10  ethercatmain.o(i.ec_send_processdata_group)
    ec_setupheader                           0x08006619   Thumb Code    72  nicdrv.o(i.ec_setupheader)
    ec_statecheck                            0x08006661   Thumb Code    12  ethercatmain.o(i.ec_statecheck)
    ec_writestate                            0x08006671   Thumb Code     8  ethercatmain.o(i.ec_writestate)
    ecat_init                                0x0800667d   Thumb Code   482  soem.o(i.ecat_init)
    ecat_loop                                0x080069d9   Thumb Code    92  motormotion.o(i.ecat_loop)
    ecx_APRD                                 0x08006a45   Thumb Code   102  ethercatbase.o(i.ecx_APRD)
    ecx_APRDw                                0x08006aab   Thumb Code    26  ethercatbase.o(i.ecx_APRDw)
    ecx_APWR                                 0x08006ac5   Thumb Code    84  ethercatbase.o(i.ecx_APWR)
    ecx_APWRw                                0x08006b19   Thumb Code    22  ethercatbase.o(i.ecx_APWRw)
    ecx_BRD                                  0x08006b2f   Thumb Code   102  ethercatbase.o(i.ecx_BRD)
    ecx_BWR                                  0x08006b95   Thumb Code    84  ethercatbase.o(i.ecx_BWR)
    ecx_FPRD                                 0x08006be9   Thumb Code   102  ethercatbase.o(i.ecx_FPRD)
    ecx_FPRD_multi                           0x08006c51   Thumb Code   282  ethercatmain.o(i.ecx_FPRD_multi)
    ecx_FPRDw                                0x08006d6b   Thumb Code    26  ethercatbase.o(i.ecx_FPRDw)
    ecx_FPWR                                 0x08006d85   Thumb Code    84  ethercatbase.o(i.ecx_FPWR)
    ecx_FPWRw                                0x08006dd9   Thumb Code    22  ethercatbase.o(i.ecx_FPWRw)
    ecx_SDOerror                             0x08006def   Thumb Code    82  ethercatcoe.o(i.ecx_SDOerror)
    ecx_SDOread                              0x08006e41   Thumb Code   738  ethercatcoe.o(i.ecx_SDOread)
    ecx_SDOwrite                             0x08007125   Thumb Code   868  ethercatcoe.o(i.ecx_SDOwrite)
    ecx_SoEerror                             0x08007489   Thumb Code    76  ethercatsoe.o(i.ecx_SoEerror)
    ecx_SoEread                              0x080074d5   Thumb Code   440  ethercatsoe.o(i.ecx_SoEread)
    ecx_adddatagram                          0x0800768d   Thumb Code   124  ethercatbase.o(i.ecx_adddatagram)
    ecx_config_init                          0x0800804d   Thumb Code  1902  ethercatconfig.o(i.ecx_config_init)
    ecx_config_map_group                     0x08008819   Thumb Code   804  ethercatconfig.o(i.ecx_config_map_group)
    ecx_configdc                             0x08008b75   Thumb Code  1150  ethercatdc.o(i.ecx_configdc)
    ecx_dcsync0                              0x08008ff5   Thumb Code   306  ethercatdc.o(i.ecx_dcsync0)
    ecx_detect_slaves                        0x0800912d   Thumb Code   134  ethercatconfig.o(i.ecx_detect_slaves)
    ecx_eeprom2master                        0x080091b9   Thumb Code   138  ethercatmain.o(i.ecx_eeprom2master)
    ecx_eeprom2pdi                           0x08009243   Thumb Code    94  ethercatmain.o(i.ecx_eeprom2pdi)
    ecx_eeprom_waitnotbusyFP                 0x080092a1   Thumb Code   102  ethercatmain.o(i.ecx_eeprom_waitnotbusyFP)
    ecx_getindex                             0x08009307   Thumb Code    92  nicdrv.o(i.ecx_getindex)
    ecx_inframe                              0x08009363   Thumb Code   278  nicdrv.o(i.ecx_inframe)
    ecx_init_context                         0x08009479   Thumb Code    82  ethercatconfig.o(i.ecx_init_context)
    ecx_mbxempty                             0x0800a0a5   Thumb Code   144  ethercatmain.o(i.ecx_mbxempty)
    ecx_mbxreceive                           0x0800a135   Thumb Code   574  ethercatmain.o(i.ecx_mbxreceive)
    ecx_mbxsend                              0x0800a373   Thumb Code    94  ethercatmain.o(i.ecx_mbxsend)
    ecx_outframe                             0x0800a3d1   Thumb Code    46  nicdrv.o(i.ecx_outframe)
    ecx_outframe_red                         0x0800a3ff   Thumb Code   102  nicdrv.o(i.ecx_outframe_red)
    ecx_packeterror                          0x0800a465   Thumb Code    82  ethercatmain.o(i.ecx_packeterror)
    ecx_pusherror                            0x0800a5b9   Thumb Code   104  ethercatmain.o(i.ecx_pusherror)
    ecx_readIDNmap                           0x0800a651   Thumb Code   346  ethercatsoe.o(i.ecx_readIDNmap)
    ecx_readPDOassign                        0x0800a7b1   Thumb Code   244  ethercatcoe.o(i.ecx_readPDOassign)
    ecx_readPDOassignCA                      0x0800a8a9   Thumb Code   210  ethercatcoe.o(i.ecx_readPDOassignCA)
    ecx_readPDOmap                           0x0800a981   Thumb Code   380  ethercatcoe.o(i.ecx_readPDOmap)
    ecx_readPDOmapCA                         0x0800ab01   Thumb Code   324  ethercatcoe.o(i.ecx_readPDOmapCA)
    ecx_readeeprom1                          0x0800ac49   Thumb Code   158  ethercatmain.o(i.ecx_readeeprom1)
    ecx_readeeprom2                          0x0800ace9   Thumb Code    96  ethercatmain.o(i.ecx_readeeprom2)
    ecx_readeepromFP                         0x0800ad49   Thumb Code   296  ethercatmain.o(i.ecx_readeepromFP)
    ecx_readstate                            0x0800ae71   Thumb Code   396  ethercatmain.o(i.ecx_readstate)
    ecx_receive_processdata_group            0x0800affd   Thumb Code   326  ethercatmain.o(i.ecx_receive_processdata_group)
    ecx_setbufstat                           0x0800b27f   Thumb Code    40  nicdrv.o(i.ecx_setbufstat)
    ecx_setupdatagram                        0x0800b2a7   Thumb Code    82  ethercatbase.o(i.ecx_setupdatagram)
    ecx_setupnic                             0x0800b2f9   Thumb Code   238  nicdrv.o(i.ecx_setupnic)
    ecx_siiFMMU                              0x0800b3e7   Thumb Code   186  ethercatmain.o(i.ecx_siiFMMU)
    ecx_siiPDO                               0x0800b4a1   Thumb Code   408  ethercatmain.o(i.ecx_siiPDO)
    ecx_siiSM                                0x0800b639   Thumb Code   242  ethercatmain.o(i.ecx_siiSM)
    ecx_siiSMnext                            0x0800b72b   Thumb Code   214  ethercatmain.o(i.ecx_siiSMnext)
    ecx_siifind                              0x0800b801   Thumb Code   164  ethercatmain.o(i.ecx_siifind)
    ecx_siigetbyte                           0x0800b8a5   Thumb Code   208  ethercatmain.o(i.ecx_siigetbyte)
    ecx_siistring                            0x0800b975   Thumb Code   182  ethercatmain.o(i.ecx_siistring)
    ecx_srconfirm                            0x0800ba2b   Thumb Code    88  nicdrv.o(i.ecx_srconfirm)
    ecx_statecheck                           0x0800ba83   Thumb Code   200  ethercatmain.o(i.ecx_statecheck)
    ecx_waitinframe                          0x0800bb4b   Thumb Code    44  nicdrv.o(i.ecx_waitinframe)
    ecx_writestate                           0x0800bcc7   Thumb Code    66  ethercatmain.o(i.ecx_writestate)
    fputc                                    0x0800bd09   Thumb Code    20  bsp_debug_usart.o(i.fputc)
    low_level_output                         0x0800bd21   Thumb Code    54  ethernetif.o(i.low_level_output)
    main                                     0x0800bd61   Thumb Code   418  main.o(i.main)
    osal_current_time                        0x0800bf5d   Thumb Code    42  osal.o(i.osal_current_time)
    osal_timer_is_expired                    0x0800bf87   Thumb Code    38  osal.o(i.osal_timer_is_expired)
    osal_timer_start                         0x0800bfad   Thumb Code    50  osal.o(i.osal_timer_start)
    osal_usleep                              0x0800bfe5   Thumb Code    24  osal.o(i.osal_usleep)
    oshw_htons                               0x0800bffd   Thumb Code     4  oshw.o(i.oshw_htons)
    oshw_ntohs                               0x0800c001   Thumb Code     4  oshw.o(i.oshw_ntohs)
    write16                                  0x0800c005   Thumb Code    26  soem.o(i.write16)
    write32                                  0x0800c025   Thumb Code    26  soem.o(i.write32)
    write8                                   0x0800c045   Thumb Code    26  soem.o(i.write8)
    D1CorePrescTable                         0x0800c084   Data          16  system_stm32h7xx.o(.constdata)
    ec_configlist                            0x0800c094   Data        1728  ethercatconfig.o(.constdata)
    __ctype_table                            0x0800c754   Data         129  ctype_o.o(.constdata)
    Region$$Table$$Base                      0x0800c864   Number         0  anon$$obj.o(Region$$Table)
    Region$$Table$$Limit                     0x0800c884   Number         0  anon$$obj.o(Region$$Table)
    Time1msFlag                              0x24000000   Data           4  stm32h7xx_it.o(.data)
    SystemCoreClock                          0x24000010   Data           4  system_stm32h7xx.o(.data)
    SystemD2Clock                            0x24000014   Data           4  system_stm32h7xx.o(.data)
    current_pbuf_idx                         0x24000018   Data           4  ethernetif.o(.data)
    sendfinishflag                           0x2400001c   Data           4  ethernetif.o(.data)
    lan8720addr                              0x24000020   Data           4  lan8720.o(.data)
    expectedWKC                              0x24000024   Data           4  soem.o(.data)
    Motor_Run                                0x24000028   Data           4  motormotion.o(.data)
    EcatError                                0x2400002c   Data           1  ethercatmain.o(.data)
    ecx_context                              0x24000030   Data          80  ethercatmain.o(.data)
    ec_slavecount                            0x24000080   Data           4  ethercatmain.o(.data)
    ec_DCtime                                0x24000090   Data           8  ethercatmain.o(.data)
    __stdout                                 0x2400009c   Data           4  stdout.o(.data)
    uart_rx_buffer                           0x240000c0   Data         256  system_command.o(.dma_buffer)
    AxisParameter                            0x240001c0   Data         560  main.o(.bss)
    huartx                                   0x240003f0   Data         128  bsp_debug_usart.o(.bss)
    hdma_uartx_rx                            0x24000470   Data         120  bsp_debug_usart.o(.bss)
    htim2                                    0x240004e8   Data          64  bsp_generaltim.o(.bss)
    htim3                                    0x24000528   Data          64  bsp_generaltim.o(.bss)
    htim4                                    0x24000568   Data          64  bsp_generaltim.o(.bss)
    TxConfig                                 0x240005a8   Data          52  ethernetif.o(.bss)
    heth                                     0x240005dc   Data         104  ethernetif.o(.bss)
    axis_state                               0x24000644   Data          84  soem.o(.bss)
    IOmap                                    0x24000698   Data        4096  soem.o(.bss)
    outputs                                  0x24001698   Data          28  soem.o(.bss)
    inputs                                   0x240016b4   Data          28  soem.o(.bss)
    ecx_mapt                                 0x240016d0   Data          16  ethercatconfig.o(.bss)
    ec_slave                                 0x240016e0   Data        2496  ethercatmain.o(.bss)
    ec_group                                 0x240020a0   Data         592  ethercatmain.o(.bss)
    ecx_port                                 0x2400419c   Data       51860  ethercatmain.o(.bss)
    __initial_sp                             0x24012c30   Data           0  startup_stm32h743xx.o(STACK)
    DMARxDscrTab                             0x30040000   Data          96  ethernetif.o(.ARM.__AT_0x30040000)
    DMATxDscrTab                             0x30040060   Data          96  ethernetif.o(.ARM.__AT_0x30040060)
    Rx_Buff                                  0x30040200   Data        6112  ethernetif.o(.ARM.__AT_0x30040200)
    Tx_Buff                                  0x30044000   Data        6112  ethernetif.o(.ARM.__AT_0x30044000)



==============================================================================

Memory Map of the image

  Image Entry point : 0x08000299

  Load Region LR_IROM1 (Base: 0x08000000, Size: 0x0000ca44, Max: 0x00200000, ABSOLUTE, COMPRESSED[0x0000c8d0])

    Execution Region ER_IROM1 (Exec base: 0x08000000, Load base: 0x08000000, Size: 0x0000c884, Max: 0x00200000, ABSOLUTE)

    Exec Addr    Load Addr    Size         Type   Attr      Idx    E Section Name        Object

    0x08000000   0x08000000   0x00000298   Data   RO            3    RESET               startup_stm32h743xx.o
    0x08000298   0x08000298   0x00000000   Code   RO        17299  * .ARM.Collect$$$$00000000  mc_w.l(entry.o)
    0x08000298   0x08000298   0x00000004   Code   RO        17591    .ARM.Collect$$$$00000001  mc_w.l(entry2.o)
    0x0800029c   0x0800029c   0x00000004   Code   RO        17594    .ARM.Collect$$$$00000004  mc_w.l(entry5.o)
    0x080002a0   0x080002a0   0x00000000   Code   RO        17596    .ARM.Collect$$$$00000008  mc_w.l(entry7b.o)
    0x080002a0   0x080002a0   0x00000000   Code   RO        17598    .ARM.Collect$$$$0000000A  mc_w.l(entry8b.o)
    0x080002a0   0x080002a0   0x00000008   Code   RO        17599    .ARM.Collect$$$$0000000B  mc_w.l(entry9a.o)
    0x080002a8   0x080002a8   0x00000000   Code   RO        17601    .ARM.Collect$$$$0000000D  mc_w.l(entry10a.o)
    0x080002a8   0x080002a8   0x00000000   Code   RO        17603    .ARM.Collect$$$$0000000F  mc_w.l(entry11a.o)
    0x080002a8   0x080002a8   0x00000004   Code   RO        17592    .ARM.Collect$$$$00002712  mc_w.l(entry2.o)
    0x080002ac   0x080002ac   0x00000024   Code   RO            4    .text               startup_stm32h743xx.o
    0x080002d0   0x080002d0   0x00000062   Code   RO        17302    .text               mc_w.l(uldiv.o)
    0x08000332   0x08000332   0x00000062   Code   RO        17304    .text               mc_w.l(ldiv.o)
    0x08000394   0x08000394   0x0000000c   Code   RO        17306    .text               mc_w.l(toupper.o)
    0x080003a0   0x080003a0   0x00000024   Code   RO        17308    .text               mc_w.l(memcpya.o)
    0x080003c4   0x080003c4   0x00000024   Code   RO        17310    .text               mc_w.l(memseta.o)
    0x080003e8   0x080003e8   0x00000018   Code   RO        17312    .text               mc_w.l(strncpy.o)
    0x08000400   0x08000400   0x0000001c   Code   RO        17316    .text               mc_w.l(strcmp.o)
    0x0800041c   0x0800041c   0x00000012   Code   RO        17318    .text               mc_w.l(strcpy.o)
    0x0800042e   0x0800042e   0x00000002   PAD
    0x08000430   0x08000430   0x00000044   Code   RO        17320    .text               mc_w.l(strtok.o)
    0x08000474   0x08000474   0x0000001a   Code   RO        17589    .text               mc_w.l(atoi.o)
    0x0800048e   0x0800048e   0x0000002c   Code   RO        17606    .text               mc_w.l(uidiv.o)
    0x080004ba   0x080004ba   0x0000001e   Code   RO        17608    .text               mc_w.l(llshl.o)
    0x080004d8   0x080004d8   0x00000020   Code   RO        17610    .text               mc_w.l(llushr.o)
    0x080004f8   0x080004f8   0x00000070   Code   RO        17619    .text               mc_w.l(strtol.o)
    0x08000568   0x08000568   0x00000000   Code   RO        17621    .text               mc_w.l(iusefp.o)
    0x08000568   0x08000568   0x0000014e   Code   RO        17622    .text               mf_w.l(dadd.o)
    0x080006b6   0x080006b6   0x000000e4   Code   RO        17624    .text               mf_w.l(dmul.o)
    0x0800079a   0x0800079a   0x000000de   Code   RO        17626    .text               mf_w.l(ddiv.o)
    0x08000878   0x08000878   0x00000030   Code   RO        17628    .text               mf_w.l(dfixul.o)
    0x080008a8   0x080008a8   0x00000030   Code   RO        17630    .text               mf_w.l(cdrcmple.o)
    0x080008d8   0x080008d8   0x00000024   Code   RO        17632    .text               mc_w.l(init.o)
    0x080008fc   0x080008fc   0x00000024   Code   RO        17634    .text               mc_w.l(llsshr.o)
    0x08000920   0x08000920   0x00000008   Code   RO        17636    .text               mc_w.l(ctype_o.o)
    0x08000928   0x08000928   0x0000009e   Code   RO        17664    .text               mc_w.l(_strtoul.o)
    0x080009c6   0x080009c6   0x000000ba   Code   RO        17666    .text               mf_w.l(depilogue.o)
    0x08000a80   0x08000a80   0x0000001c   Code   RO        17668    .text               mc_w.l(_chval.o)
    0x08000a9c   0x08000a9c   0x00000056   Code   RO        17678    .text               mc_w.l(__dczerorl2.o)
    0x08000af2   0x08000af2   0x00000002   Code   RO          411    i.BusFault_Handler  stm32h7xx_it.o
    0x08000af4   0x08000af4   0x0000007c   Code   RO           13    i.CPU_CACHE_Enable  main.o
    0x08000b70   0x08000b70   0x00000028   Code   RO         2572    i.DMA_CalcBaseAndBitshift  stm32h7xx_hal_dma.o
    0x08000b98   0x08000b98   0x0000005c   Code   RO         2573    i.DMA_CalcDMAMUXChannelBaseAndMask  stm32h7xx_hal_dma.o
    0x08000bf4   0x08000bf4   0x00000040   Code   RO         2574    i.DMA_CalcDMAMUXRequestGenBaseAndMask  stm32h7xx_hal_dma.o
    0x08000c34   0x08000c34   0x00000054   Code   RO         2575    i.DMA_CheckFifoParam  stm32h7xx_hal_dma.o
    0x08000c88   0x08000c88   0x00000078   Code   RO         2576    i.DMA_SetConfig     stm32h7xx_hal_dma.o
    0x08000d00   0x08000d00   0x00000002   Code   RO          412    i.DebugMon_Handler  stm32h7xx_it.o
    0x08000d02   0x08000d02   0x000000d8   Code   RO         5873    i.ETH_MACDMAConfig  stm32h7xx_hal_eth.o
    0x08000dda   0x08000dda   0x00000002   PAD
    0x08000ddc   0x08000ddc   0x0000001c   Code   RO        15019    i.ETH_PHY_ReadReg   lan8720.o
    0x08000df8   0x08000df8   0x0000001c   Code   RO        15020    i.ETH_PHY_WriteReg  lan8720.o
    0x08000e14   0x08000e14   0x000002c0   Code   RO         5874    i.ETH_Prepare_Tx_Descriptors  stm32h7xx_hal_eth.o
    0x080010d4   0x080010d4   0x000000b4   Code   RO         5875    i.ETH_SetDMAConfig  stm32h7xx_hal_eth.o
    0x08001188   0x08001188   0x000001a8   Code   RO         5876    i.ETH_SetMACConfig  stm32h7xx_hal_eth.o
    0x08001330   0x08001330   0x0000000c   Code   RO        14848    i.GetSec            bsp_generaltim.o
    0x0800133c   0x0800133c   0x00000008   Code   RO        14849    i.GetUSec           bsp_generaltim.o
    0x08001344   0x08001344   0x000000e4   Code   RO         2577    i.HAL_DMA_Abort     stm32h7xx_hal_dma.o
    0x08001428   0x08001428   0x00000094   Code   RO         2578    i.HAL_DMA_Abort_IT  stm32h7xx_hal_dma.o
    0x080014bc   0x080014bc   0x00000004   Code   RO         2580    i.HAL_DMA_GetError  stm32h7xx_hal_dma.o
    0x080014c0   0x080014c0   0x000001a4   Code   RO         2583    i.HAL_DMA_Init      stm32h7xx_hal_dma.o
    0x08001664   0x08001664   0x000000d0   Code   RO         2587    i.HAL_DMA_Start_IT  stm32h7xx_hal_dma.o
    0x08001734   0x08001734   0x00000024   Code   RO         3300    i.HAL_Delay         stm32h7xx_hal.o
    0x08001758   0x08001758   0x00000078   Code   RO         5877    i.HAL_ETH_BuildRxDescriptors  stm32h7xx_hal_eth.o
    0x080017d0   0x080017d0   0x00000038   Code   RO         5880    i.HAL_ETH_DescAssignMemory  stm32h7xx_hal_eth.o
    0x08001808   0x08001808   0x000001cc   Code   RO         5887    i.HAL_ETH_GetMACConfig  stm32h7xx_hal_eth.o
    0x080019d4   0x080019d4   0x0000007a   Code   RO         5889    i.HAL_ETH_GetMACFilterConfig  stm32h7xx_hal_eth.o
    0x08001a4e   0x08001a4e   0x000000ac   Code   RO         5891    i.HAL_ETH_GetRxDataBuffer  stm32h7xx_hal_eth.o
    0x08001afa   0x08001afa   0x00000034   Code   RO         5893    i.HAL_ETH_GetRxDataLength  stm32h7xx_hal_eth.o
    0x08001b2e   0x08001b2e   0x00000002   PAD
    0x08001b30   0x08001b30   0x0000020c   Code   RO         5896    i.HAL_ETH_Init      stm32h7xx_hal_eth.o
    0x08001d3c   0x08001d3c   0x000000ca   Code   RO         5897    i.HAL_ETH_IsRxDataAvailable  stm32h7xx_hal_eth.o
    0x08001e06   0x08001e06   0x00000002   PAD
    0x08001e08   0x08001e08   0x000000fc   Code   RO        14913    i.HAL_ETH_MspInit   ethernetif.o
    0x08001f04   0x08001f04   0x00000064   Code   RO         5902    i.HAL_ETH_ReadPHYRegister  stm32h7xx_hal_eth.o
    0x08001f68   0x08001f68   0x00000018   Code   RO         5906    i.HAL_ETH_SetMACConfig  stm32h7xx_hal_eth.o
    0x08001f80   0x08001f80   0x00000060   Code   RO         5907    i.HAL_ETH_SetMACFilterConfig  stm32h7xx_hal_eth.o
    0x08001fe0   0x08001fe0   0x000000b6   Code   RO         5913    i.HAL_ETH_Start_IT  stm32h7xx_hal_eth.o
    0x08002096   0x08002096   0x000000c0   Code   RO         5916    i.HAL_ETH_Transmit  stm32h7xx_hal_eth.o
    0x08002156   0x08002156   0x00000002   PAD
    0x08002158   0x08002158   0x00000064   Code   RO         5920    i.HAL_ETH_WritePHYRegister  stm32h7xx_hal_eth.o
    0x080021bc   0x080021bc   0x000001f4   Code   RO         2417    i.HAL_GPIO_Init     stm32h7xx_hal_gpio.o
    0x080023b0   0x080023b0   0x0000000a   Code   RO         2419    i.HAL_GPIO_ReadPin  stm32h7xx_hal_gpio.o
    0x080023ba   0x080023ba   0x00000008   Code   RO         2420    i.HAL_GPIO_TogglePin  stm32h7xx_hal_gpio.o
    0x080023c2   0x080023c2   0x0000000a   Code   RO         2421    i.HAL_GPIO_WritePin  stm32h7xx_hal_gpio.o
    0x080023cc   0x080023cc   0x0000000c   Code   RO         3316    i.HAL_GetTick       stm32h7xx_hal.o
    0x080023d8   0x080023d8   0x00000010   Code   RO         3319    i.HAL_IncTick       stm32h7xx_hal.o
    0x080023e8   0x080023e8   0x0000001c   Code   RO         3320    i.HAL_Init          stm32h7xx_hal.o
    0x08002404   0x08002404   0x00000040   Code   RO         3321    i.HAL_InitTick      stm32h7xx_hal.o
    0x08002444   0x08002444   0x0000005c   Code   RO          876    i.HAL_MPU_ConfigRegion  stm32h7xx_hal_cortex.o
    0x080024a0   0x080024a0   0x0000001c   Code   RO          877    i.HAL_MPU_Disable   stm32h7xx_hal_cortex.o
    0x080024bc   0x080024bc   0x00000024   Code   RO          878    i.HAL_MPU_Enable    stm32h7xx_hal_cortex.o
    0x080024e0   0x080024e0   0x00000070   Code   RO          556    i.HAL_MspInit       stm32h7xx_hal_msp.o
    0x08002550   0x08002550   0x0000001a   Code   RO          881    i.HAL_NVIC_EnableIRQ  stm32h7xx_hal_cortex.o
    0x0800256a   0x0800256a   0x00000002   PAD
    0x0800256c   0x0800256c   0x00000040   Code   RO          887    i.HAL_NVIC_SetPriority  stm32h7xx_hal_cortex.o
    0x080025ac   0x080025ac   0x00000024   Code   RO          888    i.HAL_NVIC_SetPriorityGrouping  stm32h7xx_hal_cortex.o
    0x080025d0   0x080025d0   0x00000034   Code   RO         2041    i.HAL_RCCEx_GetD1SysClockFreq  stm32h7xx_hal_rcc_ex.o
    0x08002604   0x08002604   0x0000002c   Code   RO         2042    i.HAL_RCCEx_GetD3PCLK1Freq  stm32h7xx_hal_rcc_ex.o
    0x08002630   0x08002630   0x00000120   Code   RO         2044    i.HAL_RCCEx_GetPLL2ClockFreq  stm32h7xx_hal_rcc_ex.o
    0x08002750   0x08002750   0x00000120   Code   RO         2045    i.HAL_RCCEx_GetPLL3ClockFreq  stm32h7xx_hal_rcc_ex.o
    0x08002870   0x08002870   0x00000002   Code   RO         1929    i.HAL_RCC_CSSCallback  stm32h7xx_hal_rcc.o
    0x08002872   0x08002872   0x00000002   PAD
    0x08002874   0x08002874   0x000001dc   Code   RO         1930    i.HAL_RCC_ClockConfig  stm32h7xx_hal_rcc.o
    0x08002a50   0x08002a50   0x00000010   Code   RO         1932    i.HAL_RCC_EnableCSS  stm32h7xx_hal_rcc.o
    0x08002a60   0x08002a60   0x00000034   Code   RO         1934    i.HAL_RCC_GetHCLKFreq  stm32h7xx_hal_rcc.o
    0x08002a94   0x08002a94   0x0000002c   Code   RO         1936    i.HAL_RCC_GetPCLK1Freq  stm32h7xx_hal_rcc.o
    0x08002ac0   0x08002ac0   0x0000002c   Code   RO         1937    i.HAL_RCC_GetPCLK2Freq  stm32h7xx_hal_rcc.o
    0x08002aec   0x08002aec   0x00000130   Code   RO         1938    i.HAL_RCC_GetSysClockFreq  stm32h7xx_hal_rcc.o
    0x08002c1c   0x08002c1c   0x00000020   Code   RO         1940    i.HAL_RCC_NMI_IRQHandler  stm32h7xx_hal_rcc.o
    0x08002c3c   0x08002c3c   0x000004a8   Code   RO         1941    i.HAL_RCC_OscConfig  stm32h7xx_hal_rcc.o
    0x080030e4   0x080030e4   0x00000014   Code   RO         3332    i.HAL_SYSCFG_ETHInterfaceSelect  stm32h7xx_hal.o
    0x080030f8   0x080030f8   0x00000018   Code   RO          890    i.HAL_SYSTICK_CLKSourceConfig  stm32h7xx_hal_cortex.o
    0x08003110   0x08003110   0x0000000c   Code   RO          413    i.HAL_SYSTICK_Callback  stm32h7xx_it.o
    0x0800311c   0x0800311c   0x00000026   Code   RO          892    i.HAL_SYSTICK_Config  stm32h7xx_hal_cortex.o
    0x08003142   0x08003142   0x00000008   Code   RO          893    i.HAL_SYSTICK_IRQHandler  stm32h7xx_hal_cortex.o
    0x0800314a   0x0800314a   0x00000002   Code   RO         1668    i.HAL_TIMEx_BreakCallback  stm32h7xx_hal_tim_ex.o
    0x0800314c   0x0800314c   0x00000002   Code   RO         1669    i.HAL_TIMEx_CommutationCallback  stm32h7xx_hal_tim_ex.o
    0x0800314e   0x0800314e   0x00000002   PAD
    0x08003150   0x08003150   0x00000058   Code   RO         1687    i.HAL_TIMEx_MasterConfigSynchronization  stm32h7xx_hal_tim_ex.o
    0x080031a8   0x080031a8   0x00000036   Code   RO         1022    i.HAL_TIM_Base_Init  stm32h7xx_hal_tim.o
    0x080031de   0x080031de   0x00000002   PAD
    0x080031e0   0x080031e0   0x0000006c   Code   RO        14850    i.HAL_TIM_Base_MspInit  bsp_generaltim.o
    0x0800324c   0x0800324c   0x0000001a   Code   RO         1025    i.HAL_TIM_Base_Start  stm32h7xx_hal_tim.o
    0x08003266   0x08003266   0x00000018   Code   RO         1027    i.HAL_TIM_Base_Start_IT  stm32h7xx_hal_tim.o
    0x0800327e   0x0800327e   0x00000002   PAD
    0x08003280   0x08003280   0x000000fc   Code   RO         1031    i.HAL_TIM_ConfigClockSource  stm32h7xx_hal_tim.o
    0x0800337c   0x0800337c   0x00000002   Code   RO         1051    i.HAL_TIM_IC_CaptureCallback  stm32h7xx_hal_tim.o
    0x0800337e   0x0800337e   0x0000017e   Code   RO         1064    i.HAL_TIM_IRQHandler  stm32h7xx_hal_tim.o
    0x080034fc   0x080034fc   0x00000002   Code   RO         1067    i.HAL_TIM_OC_DelayElapsedCallback  stm32h7xx_hal_tim.o
    0x080034fe   0x080034fe   0x00000002   Code   RO         1094    i.HAL_TIM_PWM_PulseFinishedCallback  stm32h7xx_hal_tim.o
    0x08003500   0x08003500   0x00000010   Code   RO          414    i.HAL_TIM_PeriodElapsedCallback  stm32h7xx_it.o
    0x08003510   0x08003510   0x00000044   Code   RO         1103    i.HAL_TIM_SlaveConfigSynchronization  stm32h7xx_hal_tim.o
    0x08003554   0x08003554   0x00000002   Code   RO         1105    i.HAL_TIM_TriggerCallback  stm32h7xx_hal_tim.o
    0x08003556   0x08003556   0x00000002   Code   RO        13530    i.HAL_UARTEx_WakeupCallback  stm32h7xx_hal_uart_ex.o
    0x08003558   0x08003558   0x00000054   Code   RO        13190    i.HAL_UART_DMAStop  stm32h7xx_hal_uart.o
    0x080035ac   0x080035ac   0x00000002   Code   RO        13192    i.HAL_UART_ErrorCallback  stm32h7xx_hal_uart.o
    0x080035ae   0x080035ae   0x00000002   PAD
    0x080035b0   0x080035b0   0x00000180   Code   RO        13195    i.HAL_UART_IRQHandler  stm32h7xx_hal_uart.o
    0x08003730   0x08003730   0x0000006a   Code   RO        13196    i.HAL_UART_Init     stm32h7xx_hal_uart.o
    0x0800379a   0x0800379a   0x00000002   Code   RO        13198    i.HAL_UART_MspInit  stm32h7xx_hal_uart.o
    0x0800379c   0x0800379c   0x00000090   Code   RO        13200    i.HAL_UART_Receive_DMA  stm32h7xx_hal_uart.o
    0x0800382c   0x0800382c   0x00000002   Code   RO        13202    i.HAL_UART_RxCpltCallback  stm32h7xx_hal_uart.o
    0x0800382e   0x0800382e   0x00000002   Code   RO        13203    i.HAL_UART_RxHalfCpltCallback  stm32h7xx_hal_uart.o
    0x08003830   0x08003830   0x000000b6   Code   RO        13204    i.HAL_UART_Transmit  stm32h7xx_hal_uart.o
    0x080038e6   0x080038e6   0x00000002   Code   RO        13207    i.HAL_UART_TxCpltCallback  stm32h7xx_hal_uart.o
    0x080038e8   0x080038e8   0x00000002   Code   RO          415    i.HardFault_Handler  stm32h7xx_it.o
    0x080038ea   0x080038ea   0x00000002   PAD
    0x080038ec   0x080038ec   0x0000003c   Code   RO        14756    i.KEY1_StateRead    bsp_key.o
    0x08003928   0x08003928   0x0000003c   Code   RO        14757    i.KEY2_StateRead    bsp_key.o
    0x08003964   0x08003964   0x0000003c   Code   RO        14758    i.KEY3_StateRead    bsp_key.o
    0x080039a0   0x080039a0   0x0000003c   Code   RO        14759    i.KEY4_StateRead    bsp_key.o
    0x080039dc   0x080039dc   0x0000009c   Code   RO        14760    i.KEY_GPIO_Init     bsp_key.o
    0x08003a78   0x08003a78   0x0000001e   Code   RO        15021    i.LAN8720A_StartAutoNego  lan8720.o
    0x08003a96   0x08003a96   0x00000002   PAD
    0x08003a98   0x08003a98   0x0000009c   Code   RO        15022    i.LAN8720_GetLinkState  lan8720.o
    0x08003b34   0x08003b34   0x000000ec   Code   RO        15023    i.LAN8720_Init      lan8720.o
    0x08003c20   0x08003c20   0x000000b4   Code   RO        14811    i.LED_GPIO_Init     bsp_led.o
    0x08003cd4   0x08003cd4   0x00000084   Code   RO           14    i.MPU_Config        main.o
    0x08003d58   0x08003d58   0x00000058   Code   RO        14916    i.MX_ETH_Init       ethernetif.o
    0x08003db0   0x08003db0   0x00000050   Code   RO        14851    i.MX_TIM2_Init      bsp_generaltim.o
    0x08003e00   0x08003e00   0x00000044   Code   RO        14852    i.MX_TIM3_Init      bsp_generaltim.o
    0x08003e44   0x08003e44   0x00000044   Code   RO        14853    i.MX_TIM4_Init      bsp_generaltim.o
    0x08003e88   0x08003e88   0x00000114   Code   RO        14706    i.MX_UARTx_Init     bsp_debug_usart.o
    0x08003f9c   0x08003f9c   0x00000002   Code   RO          417    i.MemManage_Handler  stm32h7xx_it.o
    0x08003f9e   0x08003f9e   0x000000d8   Code   RO        15465    i.MotorController_Init  motormotion.o
    0x08004076   0x08004076   0x000000f8   Code   RO        15466    i.MotorController_Update  motormotion.o
    0x0800416e   0x0800416e   0x00000002   PAD
    0x08004170   0x08004170   0x00000090   Code   RO        15467    i.MotorToPulsePosition  motormotion.o
    0x08004200   0x08004200   0x00000160   Code   RO        15468    i.Motor_SoftStop    motormotion.o
    0x08004360   0x08004360   0x00000004   Code   RO          418    i.NMI_Handler       stm32h7xx_it.o
    0x08004364   0x08004364   0x000000dc   Code   RO        14917    i.PHY_Init          ethernetif.o
    0x08004440   0x08004440   0x00000002   Code   RO          419    i.PendSV_Handler    stm32h7xx_it.o
    0x08004442   0x08004442   0x00000002   PAD
    0x08004444   0x08004444   0x00000094   Code   RO        15528    i.ProcessReceivedData  system_command.o
    0x080044d8   0x080044d8   0x000002ac   Code   RO        15075    i.RecoverFromFault  soem.o
    0x08004784   0x08004784   0x00000044   Code   RO        14918    i.SCB_CleanInvalidateDCache  ethernetif.o
    0x080047c8   0x080047c8   0x00000002   Code   RO          420    i.SVC_Handler       stm32h7xx_it.o
    0x080047ca   0x080047ca   0x00000002   PAD
    0x080047cc   0x080047cc   0x00000258   Code   RO        15529    i.SerialCmd_Execute  system_command.o
    0x08004a24   0x08004a24   0x00000184   Code   RO        15530    i.SerialCmd_ParseLine  system_command.o
    0x08004ba8   0x08004ba8   0x0000000e   Code   RO          421    i.SysTick_Handler   stm32h7xx_it.o
    0x08004bb6   0x08004bb6   0x00000002   PAD
    0x08004bb8   0x08004bb8   0x000000c4   Code   RO           15    i.SystemClock_Config  main.o
    0x08004c7c   0x08004c7c   0x00000088   Code   RO        14665    i.SystemInit        system_stm32h7xx.o
    0x08004d04   0x08004d04   0x0000000c   Code   RO          422    i.TIM4_IRQHandler   stm32h7xx_it.o
    0x08004d10   0x08004d10   0x000000c4   Code   RO         1106    i.TIM_Base_SetConfig  stm32h7xx_hal_tim.o
    0x08004dd4   0x08004dd4   0x00000012   Code   RO         1113    i.TIM_ETR_SetConfig  stm32h7xx_hal_tim.o
    0x08004de6   0x08004de6   0x00000002   PAD
    0x08004de8   0x08004de8   0x00000014   Code   RO         1114    i.TIM_ITRx_SetConfig  stm32h7xx_hal_tim.o
    0x08004dfc   0x08004dfc   0x00000084   Code   RO         1121    i.TIM_SlaveTimer_SetConfig  stm32h7xx_hal_tim.o
    0x08004e80   0x08004e80   0x00000022   Code   RO         1122    i.TIM_TI1_ConfigInputStage  stm32h7xx_hal_tim.o
    0x08004ea2   0x08004ea2   0x00000024   Code   RO         1124    i.TIM_TI2_ConfigInputStage  stm32h7xx_hal_tim.o
    0x08004ec6   0x08004ec6   0x000000c8   Code   RO        13209    i.UART_AdvFeatureConfig  stm32h7xx_hal_uart.o
    0x08004f8e   0x08004f8e   0x0000005c   Code   RO        13210    i.UART_CheckIdleState  stm32h7xx_hal_uart.o
    0x08004fea   0x08004fea   0x00000014   Code   RO        13211    i.UART_DMAAbortOnError  stm32h7xx_hal_uart.o
    0x08004ffe   0x08004ffe   0x00000052   Code   RO        13212    i.UART_DMAError     stm32h7xx_hal_uart.o
    0x08005050   0x08005050   0x0000003c   Code   RO        13213    i.UART_DMAReceiveCplt  stm32h7xx_hal_uart.o
    0x0800508c   0x0800508c   0x0000000a   Code   RO        13215    i.UART_DMARxHalfCplt  stm32h7xx_hal_uart.o
    0x08005096   0x08005096   0x0000001c   Code   RO        13221    i.UART_EndRxTransfer  stm32h7xx_hal_uart.o
    0x080050b2   0x080050b2   0x00000012   Code   RO        13222    i.UART_EndTxTransfer  stm32h7xx_hal_uart.o
    0x080050c4   0x080050c4   0x00000076   Code   RO        13223    i.UART_Receive_IT   stm32h7xx_hal_uart.o
    0x0800513a   0x0800513a   0x00000002   PAD
    0x0800513c   0x0800513c   0x000004e8   Code   RO        13224    i.UART_SetConfig    stm32h7xx_hal_uart.o
    0x08005624   0x08005624   0x00000076   Code   RO        13225    i.UART_Transmit_IT  stm32h7xx_hal_uart.o
    0x0800569a   0x0800569a   0x00000064   Code   RO        13226    i.UART_WaitOnFlagUntilTimeout  stm32h7xx_hal_uart.o
    0x080056fe   0x080056fe   0x00000002   PAD
    0x08005700   0x08005700   0x0000008c   Code   RO          425    i.USART3_IRQHandler  stm32h7xx_it.o
    0x0800578c   0x0800578c   0x00000002   Code   RO          426    i.UsageFault_Handler  stm32h7xx_it.o
    0x0800578e   0x0800578e   0x00000002   PAD
    0x08005790   0x08005790   0x0000021c   Code   RO        15076    i.Zeroer_CSPInit    soem.o
    0x080059ac   0x080059ac   0x00000178   Code   RO        15077    i.Zeroer_Nsetup     soem.o
    0x08005b24   0x08005b24   0x00000020   Code   RO        17561    i.__0printf         mc_w.l(printfa.o)
    0x08005b44   0x08005b44   0x00000028   Code   RO        17563    i.__0sprintf        mc_w.l(printfa.o)
    0x08005b6c   0x08005b6c   0x00000022   Code   RO          894    i.__NVIC_SetPriority  stm32h7xx_hal_cortex.o
    0x08005b8e   0x08005b8e   0x00000002   PAD
    0x08005b90   0x08005b90   0x00000008   Code   RO        17612    i.__aeabi_errno_addr  mc_w.l(errno.o)
    0x08005b98   0x08005b98   0x0000000e   Code   RO        17672    i.__scatterload_copy  mc_w.l(handlers.o)
    0x08005ba6   0x08005ba6   0x00000002   Code   RO        17673    i.__scatterload_null  mc_w.l(handlers.o)
    0x08005ba8   0x08005ba8   0x0000000e   Code   RO        17674    i.__scatterload_zeroinit  mc_w.l(handlers.o)
    0x08005bb6   0x08005bb6   0x00000002   PAD
    0x08005bb8   0x08005bb8   0x00000184   Code   RO        17568    i._fp_digits        mc_w.l(printfa.o)
    0x08005d3c   0x08005d3c   0x000006dc   Code   RO        17569    i._printf_core      mc_w.l(printfa.o)
    0x08006418   0x08006418   0x00000024   Code   RO        17570    i._printf_post_padding  mc_w.l(printfa.o)
    0x0800643c   0x0800643c   0x0000002e   Code   RO        17571    i._printf_pre_padding  mc_w.l(printfa.o)
    0x0800646a   0x0800646a   0x0000000a   Code   RO        17573    i._sputc            mc_w.l(printfa.o)
    0x08006474   0x08006474   0x00000088   Code   RO        14919    i.bfin_EMAC_recv    ethernetif.o
    0x080064fc   0x080064fc   0x00000020   Code   RO        14920    i.bfin_EMAC_send    ethernetif.o
    0x0800651c   0x0800651c   0x00000024   Code   RO        16109    i.ec_SDOwrite       ethercatcoe.o
    0x08006540   0x08006540   0x00000008   Code   RO        16619    i.ec_clearmbx       ethercatmain.o
    0x08006548   0x08006548   0x0000000c   Code   RO        16293    i.ec_config_init    ethercatconfig.o
    0x08006554   0x08006554   0x00000006   Code   RO        16294    i.ec_config_map     ethercatconfig.o
    0x0800655a   0x0800655a   0x00000002   PAD
    0x0800655c   0x0800655c   0x00000010   Code   RO        16295    i.ec_config_map_group  ethercatconfig.o
    0x0800656c   0x0800656c   0x0000000c   Code   RO        16482    i.ec_configdc       ethercatdc.o
    0x08006578   0x08006578   0x00000018   Code   RO        16483    i.ec_dcsync0        ethercatdc.o
    0x08006590   0x08006590   0x00000030   Code   RO        16299    i.ec_findconfig     ethercatconfig.o
    0x080065c0   0x080065c0   0x00000010   Code   RO        16628    i.ec_init           ethercatmain.o
    0x080065d0   0x080065d0   0x0000000c   Code   RO        16634    i.ec_nextmbxcnt     ethercatmain.o
    0x080065dc   0x080065dc   0x0000000c   Code   RO        16643    i.ec_readstate      ethercatmain.o
    0x080065e8   0x080065e8   0x00000008   Code   RO        16644    i.ec_receive_processdata  ethercatmain.o
    0x080065f0   0x080065f0   0x00000010   Code   RO        16645    i.ec_receive_processdata_group  ethercatmain.o
    0x08006600   0x08006600   0x00000006   Code   RO        16648    i.ec_send_processdata  ethercatmain.o
    0x08006606   0x08006606   0x00000002   PAD
    0x08006608   0x08006608   0x00000010   Code   RO        16649    i.ec_send_processdata_group  ethercatmain.o
    0x08006618   0x08006618   0x00000048   Code   RO        15645    i.ec_setupheader    nicdrv.o
    0x08006660   0x08006660   0x00000010   Code   RO        16657    i.ec_statecheck     ethercatmain.o
    0x08006670   0x08006670   0x0000000c   Code   RO        16661    i.ec_writestate     ethercatmain.o
    0x0800667c   0x0800667c   0x0000035c   Code   RO        15078    i.ecat_init         soem.o
    0x080069d8   0x080069d8   0x0000006c   Code   RO        15469    i.ecat_loop         motormotion.o
    0x08006a44   0x08006a44   0x00000066   Code   RO        15881    i.ecx_APRD          ethercatbase.o
    0x08006aaa   0x08006aaa   0x0000001a   Code   RO        15882    i.ecx_APRDw         ethercatbase.o
    0x08006ac4   0x08006ac4   0x00000054   Code   RO        15883    i.ecx_APWR          ethercatbase.o
    0x08006b18   0x08006b18   0x00000016   Code   RO        15884    i.ecx_APWRw         ethercatbase.o
    0x08006b2e   0x08006b2e   0x00000066   Code   RO        15886    i.ecx_BRD           ethercatbase.o
    0x08006b94   0x08006b94   0x00000054   Code   RO        15887    i.ecx_BWR           ethercatbase.o
    0x08006be8   0x08006be8   0x00000066   Code   RO        15888    i.ecx_FPRD          ethercatbase.o
    0x08006c4e   0x08006c4e   0x00000002   PAD
    0x08006c50   0x08006c50   0x0000011a   Code   RO        16662    i.ecx_FPRD_multi    ethercatmain.o
    0x08006d6a   0x08006d6a   0x0000001a   Code   RO        15889    i.ecx_FPRDw         ethercatbase.o
    0x08006d84   0x08006d84   0x00000054   Code   RO        15890    i.ecx_FPWR          ethercatbase.o
    0x08006dd8   0x08006dd8   0x00000016   Code   RO        15891    i.ecx_FPWRw         ethercatbase.o
    0x08006dee   0x08006dee   0x00000052   Code   RO        16120    i.ecx_SDOerror      ethercatcoe.o
    0x08006e40   0x08006e40   0x000002e2   Code   RO        16122    i.ecx_SDOread       ethercatcoe.o
    0x08007122   0x08007122   0x00000002   PAD
    0x08007124   0x08007124   0x00000364   Code   RO        16123    i.ecx_SDOwrite      ethercatcoe.o
    0x08007488   0x08007488   0x0000004c   Code   RO        17241    i.ecx_SoEerror      ethercatsoe.o
    0x080074d4   0x080074d4   0x000001b8   Code   RO        17242    i.ecx_SoEread       ethercatsoe.o
    0x0800768c   0x0800768c   0x0000007c   Code   RO        15897    i.ecx_adddatagram   ethercatbase.o
    0x08007708   0x08007708   0x00000010   Code   RO        15649    i.ecx_clear_rxbufstat  nicdrv.o
    0x08007718   0x08007718   0x000003d8   Code   RO        16302    i.ecx_config_create_input_mappings  ethercatconfig.o
    0x08007af0   0x08007af0   0x000003b0   Code   RO        16303    i.ecx_config_create_output_mappings  ethercatconfig.o
    0x08007ea0   0x08007ea0   0x00000094   Code   RO        16304    i.ecx_config_find_mappings  ethercatconfig.o
    0x08007f34   0x08007f34   0x00000118   Code   RO        16305    i.ecx_config_from_table  ethercatconfig.o
    0x0800804c   0x0800804c   0x000007cc   Code   RO        16306    i.ecx_config_init   ethercatconfig.o
    0x08008818   0x08008818   0x0000035c   Code   RO        16307    i.ecx_config_map_group  ethercatconfig.o
    0x08008b74   0x08008b74   0x0000047e   Code   RO        16485    i.ecx_configdc      ethercatdc.o
    0x08008ff2   0x08008ff2   0x00000002   PAD
    0x08008ff4   0x08008ff4   0x00000138   Code   RO        16486    i.ecx_dcsync0       ethercatdc.o
    0x0800912c   0x0800912c   0x0000008c   Code   RO        16309    i.ecx_detect_slaves  ethercatconfig.o
    0x080091b8   0x080091b8   0x0000008a   Code   RO        16664    i.ecx_eeprom2master  ethercatmain.o
    0x08009242   0x08009242   0x0000005e   Code   RO        16665    i.ecx_eeprom2pdi    ethercatmain.o
    0x080092a0   0x080092a0   0x00000066   Code   RO        16667    i.ecx_eeprom_waitnotbusyFP  ethercatmain.o
    0x08009306   0x08009306   0x0000005c   Code   RO        15651    i.ecx_getindex      nicdrv.o
    0x08009362   0x08009362   0x00000116   Code   RO        15652    i.ecx_inframe       nicdrv.o
    0x08009478   0x08009478   0x00000052   Code   RO        16310    i.ecx_init_context  ethercatconfig.o
    0x080094ca   0x080094ca   0x00000002   PAD
    0x080094cc   0x080094cc   0x00000128   Code   RO        16311    i.ecx_lookup_mapping  ethercatconfig.o
    0x080095f4   0x080095f4   0x000001e8   Code   RO        16312    i.ecx_lookup_prev_sii  ethercatconfig.o
    0x080097dc   0x080097dc   0x0000039e   Code   RO        16672    i.ecx_main_send_processdata  ethercatmain.o
    0x08009b7a   0x08009b7a   0x00000002   PAD
    0x08009b7c   0x08009b7c   0x00000170   Code   RO        16313    i.ecx_map_coe_soe   ethercatconfig.o
    0x08009cec   0x08009cec   0x000001b0   Code   RO        16314    i.ecx_map_sii       ethercatconfig.o
    0x08009e9c   0x08009e9c   0x00000208   Code   RO        16315    i.ecx_map_sm        ethercatconfig.o
    0x0800a0a4   0x0800a0a4   0x00000090   Code   RO        16673    i.ecx_mbxempty      ethercatmain.o
    0x0800a134   0x0800a134   0x0000023e   Code   RO        16674    i.ecx_mbxreceive    ethercatmain.o
    0x0800a372   0x0800a372   0x0000005e   Code   RO        16675    i.ecx_mbxsend       ethercatmain.o
    0x0800a3d0   0x0800a3d0   0x0000002e   Code   RO        15653    i.ecx_outframe      nicdrv.o
    0x0800a3fe   0x0800a3fe   0x00000066   Code   RO        15654    i.ecx_outframe_red  nicdrv.o
    0x0800a464   0x0800a464   0x00000052   Code   RO        16676    i.ecx_packeterror   ethercatmain.o
    0x0800a4b6   0x0800a4b6   0x00000048   Code   RO        16488    i.ecx_parentport    ethercatdc.o
    0x0800a4fe   0x0800a4fe   0x00000038   Code   RO        16489    i.ecx_porttime      ethercatdc.o
    0x0800a536   0x0800a536   0x0000006c   Code   RO        16490    i.ecx_prevport      ethercatdc.o
    0x0800a5a2   0x0800a5a2   0x00000016   Code   RO        16678    i.ecx_pullindex     ethercatmain.o
    0x0800a5b8   0x0800a5b8   0x00000068   Code   RO        16679    i.ecx_pusherror     ethercatmain.o
    0x0800a620   0x0800a620   0x00000030   Code   RO        16680    i.ecx_pushindex     ethercatmain.o
    0x0800a650   0x0800a650   0x00000160   Code   RO        17244    i.ecx_readIDNmap    ethercatsoe.o
    0x0800a7b0   0x0800a7b0   0x000000f8   Code   RO        16129    i.ecx_readPDOassign  ethercatcoe.o
    0x0800a8a8   0x0800a8a8   0x000000d8   Code   RO        16130    i.ecx_readPDOassignCA  ethercatcoe.o
    0x0800a980   0x0800a980   0x00000180   Code   RO        16131    i.ecx_readPDOmap    ethercatcoe.o
    0x0800ab00   0x0800ab00   0x00000148   Code   RO        16132    i.ecx_readPDOmapCA  ethercatcoe.o
    0x0800ac48   0x0800ac48   0x0000009e   Code   RO        16682    i.ecx_readeeprom1   ethercatmain.o
    0x0800ace6   0x0800ace6   0x00000002   PAD
    0x0800ace8   0x0800ace8   0x00000060   Code   RO        16683    i.ecx_readeeprom2   ethercatmain.o
    0x0800ad48   0x0800ad48   0x00000128   Code   RO        16685    i.ecx_readeepromFP  ethercatmain.o
    0x0800ae70   0x0800ae70   0x0000018c   Code   RO        16686    i.ecx_readstate     ethercatmain.o
    0x0800affc   0x0800affc   0x00000146   Code   RO        16688    i.ecx_receive_processdata_group  ethercatmain.o
    0x0800b142   0x0800b142   0x0000013c   Code   RO        16319    i.ecx_set_slaves_to_default  ethercatconfig.o
    0x0800b27e   0x0800b27e   0x00000028   Code   RO        15655    i.ecx_setbufstat    nicdrv.o
    0x0800b2a6   0x0800b2a6   0x00000052   Code   RO        15898    i.ecx_setupdatagram  ethercatbase.o
    0x0800b2f8   0x0800b2f8   0x000000ee   Code   RO        15656    i.ecx_setupnic      nicdrv.o
    0x0800b3e6   0x0800b3e6   0x000000ba   Code   RO        16693    i.ecx_siiFMMU       ethercatmain.o
    0x0800b4a0   0x0800b4a0   0x00000198   Code   RO        16694    i.ecx_siiPDO        ethercatmain.o
    0x0800b638   0x0800b638   0x000000f2   Code   RO        16695    i.ecx_siiSM         ethercatmain.o
    0x0800b72a   0x0800b72a   0x000000d6   Code   RO        16696    i.ecx_siiSMnext     ethercatmain.o
    0x0800b800   0x0800b800   0x000000a4   Code   RO        16697    i.ecx_siifind       ethercatmain.o
    0x0800b8a4   0x0800b8a4   0x000000d0   Code   RO        16698    i.ecx_siigetbyte    ethercatmain.o
    0x0800b974   0x0800b974   0x000000b6   Code   RO        16699    i.ecx_siistring     ethercatmain.o
    0x0800ba2a   0x0800ba2a   0x00000058   Code   RO        15657    i.ecx_srconfirm     nicdrv.o
    0x0800ba82   0x0800ba82   0x000000c8   Code   RO        16700    i.ecx_statecheck    ethercatmain.o
    0x0800bb4a   0x0800bb4a   0x0000002c   Code   RO        15658    i.ecx_waitinframe   nicdrv.o
    0x0800bb76   0x0800bb76   0x00000002   PAD
    0x0800bb78   0x0800bb78   0x00000126   Code   RO        15659    i.ecx_waitinframe_red  nicdrv.o
    0x0800bc9e   0x0800bc9e   0x00000028   Code   RO        15899    i.ecx_writedatagramdata  ethercatbase.o
    0x0800bcc6   0x0800bcc6   0x00000042   Code   RO        16704    i.ecx_writestate    ethercatmain.o
    0x0800bd08   0x0800bd08   0x00000018   Code   RO        14707    i.fputc             bsp_debug_usart.o
    0x0800bd20   0x0800bd20   0x00000040   Code   RO        14922    i.low_level_output  ethernetif.o
    0x0800bd60   0x0800bd60   0x000001fc   Code   RO           16    i.main              main.o
    0x0800bf5c   0x0800bf5c   0x0000002a   Code   RO        15575    i.osal_current_time  osal.o
    0x0800bf86   0x0800bf86   0x00000026   Code   RO        15576    i.osal_timer_is_expired  osal.o
    0x0800bfac   0x0800bfac   0x00000038   Code   RO        15577    i.osal_timer_start  osal.o
    0x0800bfe4   0x0800bfe4   0x00000018   Code   RO        15578    i.osal_usleep       osal.o
    0x0800bffc   0x0800bffc   0x00000004   Code   RO        15811    i.oshw_htons        oshw.o
    0x0800c000   0x0800c000   0x00000004   Code   RO        15812    i.oshw_ntohs        oshw.o
    0x0800c004   0x0800c004   0x00000020   Code   RO        15079    i.write16           soem.o
    0x0800c024   0x0800c024   0x00000020   Code   RO        15080    i.write32           soem.o
    0x0800c044   0x0800c044   0x00000020   Code   RO        15081    i.write8            soem.o
    0x0800c064   0x0800c064   0x00000008   Data   RO         2589    .constdata          stm32h7xx_hal_dma.o
    0x0800c06c   0x0800c06c   0x00000018   Data   RO        13227    .constdata          stm32h7xx_hal_uart.o
    0x0800c084   0x0800c084   0x00000010   Data   RO        14666    .constdata          system_stm32h7xx.o
    0x0800c094   0x0800c094   0x000006c0   Data   RO        16321    .constdata          ethercatconfig.o
    0x0800c754   0x0800c754   0x00000081   Data   RO        17637    .constdata          mc_w.l(ctype_o.o)
    0x0800c7d5   0x0800c7d5   0x00000003   PAD
    0x0800c7d8   0x0800c7d8   0x00000004   Data   RO        17638    .constdata          mc_w.l(ctype_o.o)
    0x0800c7dc   0x0800c7dc   0x00000087   Data   RO        16322    .conststring        ethercatconfig.o
    0x0800c863   0x0800c863   0x00000001   PAD
    0x0800c864   0x0800c864   0x00000020   Data   RO        17670    Region$$Table       anon$$obj.o


    Execution Region RW_IRAM1 (Exec base: 0x20000000, Load base: 0x0800c884, Size: 0x00000000, Max: 0x00020000, ABSOLUTE)

    **** No section assigned to this execution region ****


    Execution Region RW_IRAM2 (Exec base: 0x24000000, Load base: 0x0800c884, Size: 0x00012c30, Max: 0x00080000, ABSOLUTE, COMPRESSED[0x0000004c])

    Exec Addr    Load Addr    Size         Type   Attr      Idx    E Section Name        Object

    0x24000000   COMPRESSED   0x00000004   Data   RW          427    .data               stm32h7xx_it.o
    0x24000004   COMPRESSED   0x0000000c   Data   RW         3342    .data               stm32h7xx_hal.o
    0x24000010   COMPRESSED   0x00000004   Data   RW        14667    .data               system_stm32h7xx.o
    0x24000014   COMPRESSED   0x00000004   Data   RW        14668    .data               system_stm32h7xx.o
    0x24000018   COMPRESSED   0x00000008   Data   RW        14930    .data               ethernetif.o
    0x24000020   COMPRESSED   0x00000004   Data   RW        15024    .data               lan8720.o
    0x24000024   COMPRESSED   0x00000004   Data   RW        15083    .data               soem.o
    0x24000028   COMPRESSED   0x00000004   Data   RW        15470    .data               motormotion.o
    0x2400002c   COMPRESSED   0x00000001   Data   RW        16717    .data               ethercatmain.o
    0x2400002d   COMPRESSED   0x00000003   PAD
    0x24000030   COMPRESSED   0x00000050   Data   RW        16718    .data               ethercatmain.o
    0x24000080   COMPRESSED   0x00000004   Data   RW        16719    .data               ethercatmain.o
    0x24000084   COMPRESSED   0x00000008   Data   RW        16720    .data               ethercatmain.o
    0x2400008c   COMPRESSED   0x00000004   PAD
    0x24000090   COMPRESSED   0x00000008   Data   RW        16721    .data               ethercatmain.o
    0x24000098   COMPRESSED   0x00000004   Data   RW        17321    .data               mc_w.l(strtok.o)
    0x2400009c   COMPRESSED   0x00000004   Data   RW        17605    .data               mc_w.l(stdout.o)
    0x240000a0   COMPRESSED   0x00000004   Data   RW        17615    .data               mc_w.l(errno.o)
    0x240000a4   COMPRESSED   0x0000001c   PAD
    0x240000c0   COMPRESSED   0x00000100   Data   RW        15531    .dma_buffer         system_command.o
    0x240001c0        -       0x00000230   Zero   RW           17    .bss                main.o
    0x240003f0        -       0x000000f8   Zero   RW        14708    .bss                bsp_debug_usart.o
    0x240004e8        -       0x000000c0   Zero   RW        14854    .bss                bsp_generaltim.o
    0x240005a8        -       0x0000009c   Zero   RW        14928    .bss                ethernetif.o
    0x24000644        -       0x0000108c   Zero   RW        15082    .bss                soem.o
    0x240016d0        -       0x00000010   Zero   RW        16320    .bss                ethercatconfig.o
    0x240016e0        -       0x000009c0   Zero   RW        16705    .bss                ethercatmain.o
    0x240020a0        -       0x00000250   Zero   RW        16706    .bss                ethercatmain.o
    0x240022f0        -       0x00001000   Zero   RW        16707    .bss                ethercatmain.o
    0x240032f0        -       0x00000200   Zero   RW        16708    .bss                ethercatmain.o
    0x240034f0        -       0x0000061c   Zero   RW        16709    .bss                ethercatmain.o
    0x24003b0c        -       0x00000074   Zero   RW        16710    .bss                ethercatmain.o
    0x24003b80        -       0x0000000a   Zero   RW        16711    .bss                ethercatmain.o
    0x24003b8a        -       0x00000202   Zero   RW        16712    .bss                ethercatmain.o
    0x24003d8c        -       0x00000402   Zero   RW        16713    .bss                ethercatmain.o
    0x2400418e        -       0x0000000c   Zero   RW        16714    .bss                ethercatmain.o
    0x2400419a   COMPRESSED   0x00000002   PAD
    0x2400419c        -       0x0000ca94   Zero   RW        16715    .bss                ethercatmain.o
    0x24010c30        -       0x00002000   Zero   RW            1    STACK               startup_stm32h743xx.o



  Load Region LR$$.ARM.__AT_0x30040000 (Base: 0x30040000, Size: 0x00000000, Max: 0x00000060, ABSOLUTE)

    Execution Region ER$$.ARM.__AT_0x30040000 (Exec base: 0x30040000, Load base: 0x30040000, Size: 0x00000060, Max: 0x00000060, ABSOLUTE, UNINIT)

    Exec Addr    Load Addr    Size         Type   Attr      Idx    E Section Name        Object

    0x30040000        -       0x00000060   Zero   RW        14924    .ARM.__AT_0x30040000  ethernetif.o



  Load Region LR$$.ARM.__AT_0x30040060 (Base: 0x30040060, Size: 0x00000000, Max: 0x00000060, ABSOLUTE)

    Execution Region ER$$.ARM.__AT_0x30040060 (Exec base: 0x30040060, Load base: 0x30040060, Size: 0x00000060, Max: 0x00000060, ABSOLUTE, UNINIT)

    Exec Addr    Load Addr    Size         Type   Attr      Idx    E Section Name        Object

    0x30040060        -       0x00000060   Zero   RW        14925    .ARM.__AT_0x30040060  ethernetif.o



  Load Region LR$$.ARM.__AT_0x30040200 (Base: 0x30040200, Size: 0x00000000, Max: 0x000017e0, ABSOLUTE)

    Execution Region ER$$.ARM.__AT_0x30040200 (Exec base: 0x30040200, Load base: 0x30040200, Size: 0x000017e0, Max: 0x000017e0, ABSOLUTE, UNINIT)

    Exec Addr    Load Addr    Size         Type   Attr      Idx    E Section Name        Object

    0x30040200        -       0x000017e0   Zero   RW        14926    .ARM.__AT_0x30040200  ethernetif.o



  Load Region LR$$.ARM.__AT_0x30044000 (Base: 0x30044000, Size: 0x00000000, Max: 0x000017e0, ABSOLUTE)

    Execution Region ER$$.ARM.__AT_0x30044000 (Exec base: 0x30044000, Load base: 0x30044000, Size: 0x000017e0, Max: 0x000017e0, ABSOLUTE, UNINIT)

    Exec Addr    Load Addr    Size         Type   Attr      Idx    E Section Name        Object

    0x30044000        -       0x000017e0   Zero   RW        14927    .ARM.__AT_0x30044000  ethernetif.o


==============================================================================

Image component sizes


      Code (inc. data)   RO Data    RW Data    ZI Data      Debug   Object Name

       300         30          0          0        248       3271   bsp_debug_usart.o
       344         48          0          0        192       4163   bsp_generaltim.o
       396         36          0          0          0       4240   bsp_key.o
       180         14          0          0          0       1068   bsp_led.o
       900          0          0          0          0      10612   ethercatbase.o
      2900         24          0          0          0      13688   ethercatcoe.o
      7936        832       1863          0         16      23422   ethercatconfig.o
      1734         26          0          0          0       7032   ethercatdc.o
      5874         40          0        101      62798      40138   ethercatmain.o
       868          6          0          0          0       4906   ethercatsoe.o
       860        138          0          8      12572      42082   ethernetif.o
       478        120          0          4          0       4019   lan8720.o
       960        118          0          0        560    1189570   main.o
      1068        248          0          4          0       9567   motormotion.o
      1310          0          0          0          0      16375   nicdrv.o
       160          6          0          0          0       4489   osal.o
         8          0          0          0          0       6777   oshw.o
      2556        978          0          4       4236       9043   soem.o
        36          8        664          0       8192        832   startup_stm32h743xx.o
       176         30          0         12          0       4694   stm32h7xx_hal.o
       386         28          0          0          0      41896   stm32h7xx_hal_cortex.o
      1408         86          8          0          0       9676   stm32h7xx_hal_dma.o
      3926         76          0          0          0      19350   stm32h7xx_hal_eth.o
       528         50          0          0          0       4012   stm32h7xx_hal_gpio.o
       112          6          0          0          0    1231854   stm32h7xx_hal_msp.o
      2162         92          0          0          0       8123   stm32h7xx_hal_rcc.o
       672         62          0          0          0       3967   stm32h7xx_hal_rcc_ex.o
      1250         62          0          0          0      12343   stm32h7xx_hal_tim.o
        92         10          0          0          0       2734   stm32h7xx_hal_tim_ex.o
      3012        136         24          0          0      38583   stm32h7xx_hal_uart.o
         2          0          0          0          0       1124   stm32h7xx_hal_uart_ex.o
       212         32          0          4          0      42048   stm32h7xx_it.o
      1136        498          0        256          0       4553   system_command.o
       136         18         16          8          0       1414   system_stm32h7xx.o

    ----------------------------------------------------------------------
     44138       3858       2608        408      88816    2821665   Object Totals
         0          0         32          0          0          0   (incl. Generated)
        60          0          1          7          2          0   (incl. Padding)

    ----------------------------------------------------------------------

      Code (inc. data)   RO Data    RW Data    ZI Data      Debug   Library Member Name

        86          0          0          0          0          0   __dczerorl2.o
        28          0          0          0          0         68   _chval.o
       158          0          0          0          0         92   _strtoul.o
        26          0          0          0          0         80   atoi.o
         8          4        133          0          0         68   ctype_o.o
         0          0          0          0          0          0   entry.o
         0          0          0          0          0          0   entry10a.o
         0          0          0          0          0          0   entry11a.o
         8          4          0          0          0          0   entry2.o
         4          0          0          0          0          0   entry5.o
         0          0          0          0          0          0   entry7b.o
         0          0          0          0          0          0   entry8b.o
         8          4          0          0          0          0   entry9a.o
         8          4          0          4          0         68   errno.o
        30          0          0          0          0          0   handlers.o
        36          8          0          0          0         68   init.o
         0          0          0          0          0          0   iusefp.o
        98          0          0          0          0         84   ldiv.o
        30          0          0          0          0         68   llshl.o
        36          0          0          0          0         68   llsshr.o
        32          0          0          0          0         68   llushr.o
        36          0          0          0          0         68   memcpya.o
        36          0          0          0          0        108   memseta.o
      2308         96          0          0          0        604   printfa.o
         0          0          0          4          0          0   stdout.o
        28          0          0          0          0         76   strcmp.o
        18          0          0          0          0         68   strcpy.o
        24          0          0          0          0         76   strncpy.o
        68          6          0          4          0         80   strtok.o
       112          0          0          0          0         88   strtol.o
        12          0          0          0          0         68   toupper.o
        44          0          0          0          0         80   uidiv.o
        98          0          0          0          0         92   uldiv.o
        48          0          0          0          0         68   cdrcmple.o
       334          0          0          0          0        148   dadd.o
       222          0          0          0          0        100   ddiv.o
       186          0          0          0          0        176   depilogue.o
        48          0          0          0          0         68   dfixul.o
       228          0          0          0          0         96   dmul.o

    ----------------------------------------------------------------------
      4450        126        136         40          0       2796   Library Totals
         4          0          3         28          0          0   (incl. Padding)

    ----------------------------------------------------------------------

      Code (inc. data)   RO Data    RW Data    ZI Data      Debug   Library Name

      3380        126        133         12          0       2140   mc_w.l
      1066          0          0          0          0        656   mf_w.l

    ----------------------------------------------------------------------
      4450        126        136         40          0       2796   Library Totals

    ----------------------------------------------------------------------

==============================================================================


      Code (inc. data)   RO Data    RW Data    ZI Data      Debug   

     48588       3984       2744        448      88816    2797689   Grand Totals
     48588       3984       2744         76      88816    2797689   ELF Image Totals (compressed)
     48588       3984       2744         76          0          0   ROM Totals

==============================================================================

    Total RO  Size (Code + RO Data)                51332 (  50.13kB)
    Total RW  Size (RW Data + ZI Data)             89264 (  87.17kB)
    Total ROM Size (Code + RO Data + RW Data)      51408 (  50.20kB)

==============================================================================

